Archive member included to satisfy reference by file (symbol)

C:/ST/STM32CubeCLT_1.19.0/GNU-tools-for-STM32/bin/../lib/gcc/arm-none-eabi/13.3.1/../../../../arm-none-eabi/lib/thumb/v7e-m+dp/hard\libc.a(libc_a-exit.o)
                              C:/ST/STM32CubeCLT_1.19.0/GNU-tools-for-STM32/bin/../lib/gcc/arm-none-eabi/13.3.1/../../../../arm-none-eabi/lib/thumb/v7e-m+dp/hard/crt0.o (exit)
C:/ST/STM32CubeCLT_1.19.0/GNU-tools-for-STM32/bin/../lib/gcc/arm-none-eabi/13.3.1/../../../../arm-none-eabi/lib/thumb/v7e-m+dp/hard\libc.a(libc_a-malloc.o)
                              ./Core/Src/ring_buffer.o (malloc)
C:/ST/STM32CubeCLT_1.19.0/GNU-tools-for-STM32/bin/../lib/gcc/arm-none-eabi/13.3.1/../../../../arm-none-eabi/lib/thumb/v7e-m+dp/hard\libc.a(libc_a-mallocr.o)
                              C:/ST/STM32CubeCLT_1.19.0/GNU-tools-for-STM32/bin/../lib/gcc/arm-none-eabi/13.3.1/../../../../arm-none-eabi/lib/thumb/v7e-m+dp/hard\libc.a(libc_a-malloc.o) (_malloc_r)
C:/ST/STM32CubeCLT_1.19.0/GNU-tools-for-STM32/bin/../lib/gcc/arm-none-eabi/13.3.1/../../../../arm-none-eabi/lib/thumb/v7e-m+dp/hard\libc.a(libc_a-mlock.o)
                              C:/ST/STM32CubeCLT_1.19.0/GNU-tools-for-STM32/bin/../lib/gcc/arm-none-eabi/13.3.1/../../../../arm-none-eabi/lib/thumb/v7e-m+dp/hard\libc.a(libc_a-mallocr.o) (__malloc_lock)
C:/ST/STM32CubeCLT_1.19.0/GNU-tools-for-STM32/bin/../lib/gcc/arm-none-eabi/13.3.1/../../../../arm-none-eabi/lib/thumb/v7e-m+dp/hard\libc.a(libc_a-ctype_.o)
                              ./Core/Src/user_com.o (_ctype_)
C:/ST/STM32CubeCLT_1.19.0/GNU-tools-for-STM32/bin/../lib/gcc/arm-none-eabi/13.3.1/../../../../arm-none-eabi/lib/thumb/v7e-m+dp/hard\libc.a(libc_a-findfp.o)
                              C:/ST/STM32CubeCLT_1.19.0/GNU-tools-for-STM32/bin/../lib/gcc/arm-none-eabi/13.3.1/../../../../arm-none-eabi/lib/thumb/v7e-m+dp/hard\libc.a(libc_a-exit.o) (__stdio_exit_handler)
C:/ST/STM32CubeCLT_1.19.0/GNU-tools-for-STM32/bin/../lib/gcc/arm-none-eabi/13.3.1/../../../../arm-none-eabi/lib/thumb/v7e-m+dp/hard\libc.a(libc_a-fwalk.o)
                              C:/ST/STM32CubeCLT_1.19.0/GNU-tools-for-STM32/bin/../lib/gcc/arm-none-eabi/13.3.1/../../../../arm-none-eabi/lib/thumb/v7e-m+dp/hard\libc.a(libc_a-findfp.o) (_fwalk_sglue)
C:/ST/STM32CubeCLT_1.19.0/GNU-tools-for-STM32/bin/../lib/gcc/arm-none-eabi/13.3.1/../../../../arm-none-eabi/lib/thumb/v7e-m+dp/hard\libc.a(libc_a-printf.o)
                              ./Core/Src/ads8638_diag.o (printf)
C:/ST/STM32CubeCLT_1.19.0/GNU-tools-for-STM32/bin/../lib/gcc/arm-none-eabi/13.3.1/../../../../arm-none-eabi/lib/thumb/v7e-m+dp/hard\libc.a(libc_a-puts.o)
                              ./Core/Src/ads8638_diag.o (puts)
C:/ST/STM32CubeCLT_1.19.0/GNU-tools-for-STM32/bin/../lib/gcc/arm-none-eabi/13.3.1/../../../../arm-none-eabi/lib/thumb/v7e-m+dp/hard\libc.a(libc_a-sprintf.o)
                              ./Core/Src/user_com.o (sprintf)
C:/ST/STM32CubeCLT_1.19.0/GNU-tools-for-STM32/bin/../lib/gcc/arm-none-eabi/13.3.1/../../../../arm-none-eabi/lib/thumb/v7e-m+dp/hard\libc.a(libc_a-stdio.o)
                              C:/ST/STM32CubeCLT_1.19.0/GNU-tools-for-STM32/bin/../lib/gcc/arm-none-eabi/13.3.1/../../../../arm-none-eabi/lib/thumb/v7e-m+dp/hard\libc.a(libc_a-findfp.o) (__sread)
C:/ST/STM32CubeCLT_1.19.0/GNU-tools-for-STM32/bin/../lib/gcc/arm-none-eabi/13.3.1/../../../../arm-none-eabi/lib/thumb/v7e-m+dp/hard\libc.a(libc_a-vsprintf.o)
                              ./Core/Src/user_com.o (vsprintf)
C:/ST/STM32CubeCLT_1.19.0/GNU-tools-for-STM32/bin/../lib/gcc/arm-none-eabi/13.3.1/../../../../arm-none-eabi/lib/thumb/v7e-m+dp/hard\libc.a(libc_a-memset.o)
                              C:/ST/STM32CubeCLT_1.19.0/GNU-tools-for-STM32/bin/../lib/gcc/arm-none-eabi/13.3.1/../../../../arm-none-eabi/lib/thumb/v7e-m+dp/hard/crt0.o (memset)
C:/ST/STM32CubeCLT_1.19.0/GNU-tools-for-STM32/bin/../lib/gcc/arm-none-eabi/13.3.1/../../../../arm-none-eabi/lib/thumb/v7e-m+dp/hard\libc.a(libc_a-strncmp.o)
                              ./Core/Src/user_com.o (strncmp)
C:/ST/STM32CubeCLT_1.19.0/GNU-tools-for-STM32/bin/../lib/gcc/arm-none-eabi/13.3.1/../../../../arm-none-eabi/lib/thumb/v7e-m+dp/hard\libc.a(libc_a-closer.o)
                              C:/ST/STM32CubeCLT_1.19.0/GNU-tools-for-STM32/bin/../lib/gcc/arm-none-eabi/13.3.1/../../../../arm-none-eabi/lib/thumb/v7e-m+dp/hard\libc.a(libc_a-stdio.o) (_close_r)
C:/ST/STM32CubeCLT_1.19.0/GNU-tools-for-STM32/bin/../lib/gcc/arm-none-eabi/13.3.1/../../../../arm-none-eabi/lib/thumb/v7e-m+dp/hard\libc.a(libc_a-reent.o)
                              C:/ST/STM32CubeCLT_1.19.0/GNU-tools-for-STM32/bin/../lib/gcc/arm-none-eabi/13.3.1/../../../../arm-none-eabi/lib/thumb/v7e-m+dp/hard\libc.a(libc_a-closer.o) (errno)
C:/ST/STM32CubeCLT_1.19.0/GNU-tools-for-STM32/bin/../lib/gcc/arm-none-eabi/13.3.1/../../../../arm-none-eabi/lib/thumb/v7e-m+dp/hard\libc.a(libc_a-impure.o)
[...]
Memory Configuration

Name             Origin             Length             Attributes
FLASH            0x08000000         0x00200000         xr
DTCMRAM          0x20000000         0x00020000         xrw
RAM_D1_DMA       0x24000000         0x00020000         xrw
RAM_D1           0x24020000         0x00060000         xrw
RAM_D2           0x30000000         0x00048000         xrw
RAM_D3           0x38000000         0x00010000         xrw
ITCMRAM          0x00000000         0x00010000         xrw
*default*        0x00000000         0xffffffff

Linker script and memory map

LOAD C:/ST/STM32CubeCLT_1.19.0/GNU-tools-for-STM32/bin/../lib/gcc/arm-none-eabi/13.3.1/thumb/v7e-m+dp/hard/crti.o
LOAD C:/ST/STM32CubeCLT_1.19.0/GNU-tools-for-STM32/bin/../lib/gcc/arm-none-eabi/13.3.1/thumb/v7e-m+dp/hard/crtbegin.o
LOAD C:/ST/STM32CubeCLT_1.19.0/GNU-tools-for-STM32/bin/../lib/gcc/arm-none-eabi/13.3.1/../../../../arm-none-eabi/lib/thumb/v7e-m+dp/hard/crt0.o
LOAD ./Core/Src/adc_func.o
LOAD ./Core/Src/ads8638.o
LOAD ./Core/Src/ads8638_diag.o
LOAD ./Core/Src/drv8311.o
LOAD ./Core/Src/main.o
LOAD ./Core/Src/ring_buffer.o
LOAD ./Core/Src/stm32h7xx_hal_msp.o
LOAD ./Core/Src/stm32h7xx_it.o
LOAD ./Core/Src/syscalls.o
LOAD ./Core/Src/sysmem.o
LOAD ./Core/Src/system_stm32h7xx.o
LOAD ./Core/Src/user_com.o
LOAD ./Core/Src/user_def.o
LOAD ./Core/Startup/startup_stm32h743vihx.o
LOAD ./Drivers/STM32H7xx_HAL_Driver/Src/stm32h7xx_hal.o
LOAD ./Drivers/STM32H7xx_HAL_Driver/Src/stm32h7xx_hal_adc.o
LOAD ./Drivers/STM32H7xx_HAL_Driver/Src/stm32h7xx_hal_adc_ex.o
LOAD ./Drivers/STM32H7xx_HAL_Driver/Src/stm32h7xx_hal_cortex.o
LOAD ./Drivers/STM32H7xx_HAL_Driver/Src/stm32h7xx_hal_dma.o
LOAD ./Drivers/STM32H7xx_HAL_Driver/Src/stm32h7xx_hal_dma_ex.o
LOAD ./Drivers/STM32H7xx_HAL_Driver/Src/stm32h7xx_hal_exti.o
LOAD ./Drivers/STM32H7xx_HAL_Driver/Src/stm32h7xx_hal_fdcan.o
LOAD ./Drivers/STM32H7xx_HAL_Driver/Src/stm32h7xx_hal_flash.o
LOAD ./Drivers/STM32H7xx_HAL_Driver/Src/stm32h7xx_hal_flash_ex.o
LOAD ./Drivers/STM32H7xx_HAL_Driver/Src/stm32h7xx_hal_gpio.o
LOAD ./Drivers/STM32H7xx_HAL_Driver/Src/stm32h7xx_hal_hsem.o
LOAD ./Drivers/STM32H7xx_HAL_Driver/Src/stm32h7xx_hal_i2c.o
LOAD ./Drivers/STM32H7xx_HAL_Driver/Src/stm32h7xx_hal_i2c_ex.o
LOAD ./Drivers/STM32H7xx_HAL_Driver/Src/stm32h7xx_hal_mdma.o
LOAD ./Drivers/STM32H7xx_HAL_Driver/Src/stm32h7xx_hal_pwr.o
LOAD ./Drivers/STM32H7xx_HAL_Driver/Src/stm32h7xx_hal_pwr_ex.o
LOAD ./Drivers/STM32H7xx_HAL_Driver/Src/stm32h7xx_hal_rcc.o
LOAD ./Drivers/STM32H7xx_HAL_Driver/Src/stm32h7xx_hal_rcc_ex.o
LOAD ./Drivers/STM32H7xx_HAL_Driver/Src/stm32h7xx_hal_spi.o
LOAD ./Drivers/STM32H7xx_HAL_Driver/Src/stm32h7xx_hal_spi_ex.o
LOAD ./Drivers/STM32H7xx_HAL_Driver/Src/stm32h7xx_hal_tim.o
LOAD ./Drivers/STM32H7xx_HAL_Driver/Src/stm32h7xx_hal_tim_ex.o
LOAD ./Drivers/STM32H7xx_HAL_Driver/Src/stm32h7xx_hal_uart.o
LOAD ./Drivers/STM32H7xx_HAL_Driver/Src/stm32h7xx_hal_uart_ex.o
START GROUP
LOAD C:/ST/STM32CubeCLT_1.19.0/GNU-tools-for-STM32/bin/../lib/gcc/arm-none-eabi/13.3.1/../../../../arm-none-eabi/lib/thumb/v7e-m+dp/hard\libc.a
LOAD C:/ST/STM32CubeCLT_1.19.0/GNU-tools-for-STM32/bin/../lib/gcc/arm-none-eabi/13.3.1/../../../../arm-none-eabi/lib/thumb/v7e-m+dp/hard\libm.a
END GROUP
START GROUP
LOAD C:/ST/STM32CubeCLT_1.19.0/GNU-tools-for-STM32/bin/../lib/gcc/arm-none-eabi/13.3.1/thumb/v7e-m+dp/hard\libgcc.a
LOAD C:/ST/STM32CubeCLT_1.19.0/GNU-tools-for-STM32/bin/../lib/gcc/arm-none-eabi/13.3.1/../../../../arm-none-eabi/lib/thumb/v7e-m+dp/hard\libc.a
END GROUP
START GROUP
LOAD C:/ST/STM32CubeCLT_1.19.0/GNU-tools-for-STM32/bin/../lib/gcc/arm-none-eabi/13.3.1/thumb/v7e-m+dp/hard\libgcc.a
LOAD C:/ST/STM32CubeCLT_1.19.0/GNU-tools-for-STM32/bin/../lib/gcc/arm-none-eabi/13.3.1/../../../../arm-none-eabi/lib/thumb/v7e-m+dp/hard\libc.a
LOAD C:/ST/STM32CubeCLT_1.19.0/GNU-tools-for-STM32/bin/../lib/gcc/arm-none-eabi/13.3.1/../../../../arm-none-eabi/lib/thumb/v7e-m+dp/hard\libnosys.a
END GROUP
LOAD C:/ST/STM32CubeCLT_1.19.0/GNU-tools-for-STM32/bin/../lib/gcc/arm-none-eabi/13.3.1/thumb/v7e-m+dp/hard/crtend.o
LOAD C:/ST/STM32CubeCLT_1.19.0/GNU-tools-for-STM32/bin/../lib/gcc/arm-none-eabi/13.3.1/thumb/v7e-m+dp/hard/crtn.o
                0x24080000                        _estack = (ORIGIN (RAM_D1) + LENGTH (RAM_D1))
                0x00000200                        _Min_Heap_Size = 0x200
                0x00000400                        _Min_Stack_Size = 0x400

.isr_vector     0x08000000      0x298
                0x08000000                        . = ALIGN (0x4)
 *(.isr_vector)
 .isr_vector    0x08000000      0x298 ./Core/Startup/startup_stm32h743vihx.o
                0x08000000                g_pfnVectors
                0x08000298                        . = ALIGN (0x4)

.text           0x080002a0    0x12e8c
                0x080002a0                        . = ALIGN (0x4)
 *(.text)
 .text          0x080002a0       0x40 C:/ST/STM32CubeCLT_1.19.0/GNU-tools-for-STM32/bin/../lib/gcc/arm-none-eabi/13.3.1/thumb/v7e-m+dp/hard/crtbegin.o
 .text          0x080002e0       0x10 C:/ST/STM32CubeCLT_1.19.0/GNU-tools-for-STM32/bin/../lib/gcc/arm-none-eabi/13.3.1/../../../../arm-none-eabi/lib/thumb/v7e-m+dp/hard\libc.a(libc_a-strlen.o)
                0x080002e0                strlen
 .text          0x080002f0       0xa0 C:/ST/STM32CubeCLT_1.19.0/GNU-tools-for-STM32/bin/../lib/gcc/arm-none-eabi/13.3.1/../../../../arm-none-eabi/lib/thumb/v7e-m+dp/hard\libc.a(libc_a-memchr.o)
                0x080002f0                memchr
 .text          0x08000390       0x30 C:/ST/STM32CubeCLT_1.19.0/GNU-tools-for-STM32/bin/../lib/gcc/arm-none-eabi/13.3.1/thumb/v7e-m+dp/hard\libgcc.a(_aeabi_uldivmod.o)
                0x08000390                __aeabi_uldivmod
 .text          0x080003c0      0x2f8 C:/ST/STM32CubeCLT_1.19.0/GNU-tools-for-STM32/bin/../lib/gcc/arm-none-eabi/13.3.1/thumb/v7e-m+dp/hard\libgcc.a(_udivmoddi4.o)
                0x080003c0                __udivmoddi4
 .text          0x080006b8        0x4 C:/ST/STM32CubeCLT_1.19.0/GNU-tools-for-STM32/bin/../lib/gcc/arm-none-eabi/13.3.1/thumb/v7e-m+dp/hard\libgcc.a(_dvmd_tls.o)
                0x080006b8                __aeabi_idiv0
                0x080006b8                __aeabi_ldiv0
 *(.text*)
 .text.ADS8638_Init
                0x080006bc      0x1c8 ./Core/Src/ads8638.o
                0x080006bc                ADS8638_Init
 .text.ADS8638_WriteRegister
                0x08000884       0x5c ./Core/Src/ads8638.o
                0x08000884                ADS8638_WriteRegister
 .text.ADS8638_ReadRegister
                0x080008e0       0x70 ./Core/Src/ads8638.o
                0x080008e0                ADS8638_ReadRegister
 .text.ADS8638_ReadChannel
                0x08000950       0xc4 ./Core/Src/ads8638.o
                0x08000950                ADS8638_ReadChannel
 .text.ADS8638_ReadAllChannels_AutoScan
                0x08000a14       0x8a ./Core/Src/ads8638.o
                0x08000a14                ADS8638_ReadAllChannels_AutoScan
 *fill*         0x08000a9e        0x2 
 .text.ADS8638_ConvertToVoltage
                0x08000aa0       0xa4 ./Core/Src/ads8638.o
                0x08000aa0                ADS8638_ConvertToVoltage
 .text.ADS8638_SendCommand
                0x08000b44       0xa4 ./Core/Src/ads8638.o
                0x08000b44                ADS8638_SendCommand
 .text.ADS8638_CheckCommunication
                0x08000be8       0x62 ./Core/Src/ads8638_diag.o
                0x08000be8                ADS8638_CheckCommunication
 *fill*         0x08000c4a        0x2 
 .text.main     0x08000c4c      0x140 ./Core/Src/main.o
                0x08000c4c                main
 .text.SystemClock_Config
                0x08000d8c       0xf4 ./Core/Src/main.o
                0x08000d8c                SystemClock_Config
 .text.PeriphCommonClock_Config
                0x08000e80       0x64 ./Core/Src/main.o
                0x08000e80                PeriphCommonClock_Config
 .text.MX_ADC1_Init
                0x08000ee4      0x15c ./Core/Src/main.o
 .text.MX_ADC2_Init
                0x08001040      0x138 ./Core/Src/main.o
 .text.MX_ADC3_Init
                0x08001178      0x134 ./Core/Src/main.o
 .text.MX_FDCAN1_Init
                0x080012ac       0xc8 ./Core/Src/main.o
 .text.MX_SPI1_Init
                0x08001374       0xb0 ./Core/Src/main.o
 .text.MX_SPI2_Init
                0x08001424       0xac ./Core/Src/main.o
 .text.MX_SPI3_Init
                0x080014d0       0xac ./Core/Src/main.o
 .text.MX_SPI4_Init
                0x0800157c       0xb0 ./Core/Src/main.o
 .text.MX_TIM1_Init
                0x0800162c       0xb4 ./Core/Src/main.o
 .text.MX_TIM2_Init
                0x080016e0       0xa8 ./Core/Src/main.o
 .text.MX_TIM3_Init
                0x08001788       0xac ./Core/Src/main.o
 .text.MX_TIM4_Init
                0x08001834       0xac ./Core/Src/main.o
 .text.MX_TIM5_Init
                0x080018e0       0xac ./Core/Src/main.o
 .text.MX_TIM6_Init
                0x0800198c       0x6c ./Core/Src/main.o
 .text.MX_TIM7_Init
                0x080019f8       0x6c ./Core/Src/main.o
 .text.MX_TIM8_Init
                0x08001a64       0xb4 ./Core/Src/main.o
 .text.MX_TIM15_Init
                0x08001b18      0x158 ./Core/Src/main.o
 .text.MX_USART1_UART_Init
                0x08001c70       0xa0 ./Core/Src/main.o
 .text.MX_USART2_UART_Init
                0x08001d10       0x98 ./Core/Src/main.o
 .text.MX_BDMA_Init
                0x08001da8       0x40 ./Core/Src/main.o
 .text.MX_DMA_Init
                0x08001de8       0x90 ./Core/Src/main.o
 .text.MX_GPIO_Init
                0x08001e78      0x1e8 ./Core/Src/main.o
 .text.MPU_Config
                0x08002060       0xb4 ./Core/Src/main.o
 .text.Error_Handler
                0x08002114        0xc ./Core/Src/main.o
                0x08002114                Error_Handler
 .text.HAL_MspInit
                0x08002120       0x34 ./Core/Src/stm32h7xx_hal_msp.o
                0x08002120                HAL_MspInit
 .text.HAL_ADC_MspInit
                0x08002154      0x37c ./Core/Src/stm32h7xx_hal_msp.o
                0x08002154                HAL_ADC_MspInit
 .text.HAL_FDCAN_MspInit
                0x080024d0       0x94 ./Core/Src/stm32h7xx_hal_msp.o
                0x080024d0                HAL_FDCAN_MspInit
 .text.HAL_SPI_MspInit
                0x08002564      0x5a0 ./Core/Src/stm32h7xx_hal_msp.o
                0x08002564                HAL_SPI_MspInit
 .text.HAL_TIM_Encoder_MspInit
                0x08002b04      0x340 ./Core/Src/stm32h7xx_hal_msp.o
                0x08002b04                HAL_TIM_Encoder_MspInit
 .text.HAL_TIM_Base_MspInit
                0x08002e44       0xac ./Core/Src/stm32h7xx_hal_msp.o
                0x08002e44                HAL_TIM_Base_MspInit
 .text.HAL_TIM_MspPostInit
                0x08002ef0       0x74 ./Core/Src/stm32h7xx_hal_msp.o
                0x08002ef0                HAL_TIM_MspPostInit
 .text.HAL_UART_MspInit
                0x08002f64      0x1c0 ./Core/Src/stm32h7xx_hal_msp.o
                0x08002f64                HAL_UART_MspInit
 .text.NMI_Handler
                0x08003124        0x8 ./Core/Src/stm32h7xx_it.o
                0x08003124                NMI_Handler
 .text.HardFault_Handler
                0x0800312c        0x8 ./Core/Src/stm32h7xx_it.o
                0x0800312c                HardFault_Handler
 .text.MemManage_Handler
                0x08003134        0x8 ./Core/Src/stm32h7xx_it.o
                0x08003134                MemManage_Handler
 .text.BusFault_Handler
                0x0800313c        0x8 ./Core/Src/stm32h7xx_it.o
                0x0800313c                BusFault_Handler
 .text.UsageFault_Handler
                0x08003144        0x8 ./Core/Src/stm32h7xx_it.o
                0x08003144                UsageFault_Handler
 .text.SVC_Handler
                0x0800314c        0xe ./Core/Src/stm32h7xx_it.o
                0x0800314c                SVC_Handler
 .text.DebugMon_Handler
                0x0800315a        0xe ./Core/Src/stm32h7xx_it.o
                0x0800315a                DebugMon_Handler
 .text.PendSV_Handler
                0x08003168        0xe ./Core/Src/stm32h7xx_it.o
                0x08003168                PendSV_Handler
 .text.SysTick_Handler
                0x08003176        0xc ./Core/Src/stm32h7xx_it.o
                0x08003176                SysTick_Handler
 *fill*         0x08003182        0x2 
 .text.DMA1_Stream0_IRQHandler
                0x08003184       0x14 ./Core/Src/stm32h7xx_it.o
                0x08003184                DMA1_Stream0_IRQHandler
 .text.DMA1_Stream1_IRQHandler
                0x08003198       0x14 ./Core/Src/stm32h7xx_it.o
                0x08003198                DMA1_Stream1_IRQHandler
 .text.DMA1_Stream2_IRQHandler
                0x080031ac       0x14 ./Core/Src/stm32h7xx_it.o
                0x080031ac                DMA1_Stream2_IRQHandler
 .text.DMA1_Stream3_IRQHandler
                0x080031c0       0x14 ./Core/Src/stm32h7xx_it.o
                0x080031c0                DMA1_Stream3_IRQHandler
 .text.DMA1_Stream4_IRQHandler
                0x080031d4       0x14 ./Core/Src/stm32h7xx_it.o
                0x080031d4                DMA1_Stream4_IRQHandler
 .text.DMA1_Stream5_IRQHandler
                0x080031e8       0x14 ./Core/Src/stm32h7xx_it.o
                0x080031e8                DMA1_Stream5_IRQHandler
 .text.SPI1_IRQHandler
                0x080031fc       0x14 ./Core/Src/stm32h7xx_it.o
                0x080031fc                SPI1_IRQHandler
 .text.TIM7_IRQHandler
                0x08003210       0x14 ./Core/Src/stm32h7xx_it.o
                0x08003210                TIM7_IRQHandler
 .text.SPI4_IRQHandler
                0x08003224       0x14 ./Core/Src/stm32h7xx_it.o
                0x08003224                SPI4_IRQHandler
 .text.BDMA_Channel0_IRQHandler
                0x08003238       0x14 ./Core/Src/stm32h7xx_it.o
                0x08003238                BDMA_Channel0_IRQHandler
 .text._getpid  0x0800324c       0x10 ./Core/Src/syscalls.o
                0x0800324c                _getpid
 .text._kill    0x0800325c       0x20 ./Core/Src/syscalls.o
                0x0800325c                _kill
 .text._exit    0x0800327c       0x16 ./Core/Src/syscalls.o
                0x0800327c                _exit
 .text._read    0x08003292       0x3a ./Core/Src/syscalls.o
                0x08003292                _read
 .text._write   0x080032cc       0x38 ./Core/Src/syscalls.o
                0x080032cc                _write
 .text._close   0x08003304       0x18 ./Core/Src/syscalls.o
                0x08003304                _close
 .text._fstat   0x0800331c       0x20 ./Core/Src/syscalls.o
                0x0800331c                _fstat
 .text._isatty  0x0800333c       0x16 ./Core/Src/syscalls.o
                0x0800333c                _isatty
 .text._lseek   0x08003352       0x1a ./Core/Src/syscalls.o
                0x08003352                _lseek
 .text._sbrk    0x0800336c       0x6c ./Core/Src/sysmem.o
                0x0800336c                _sbrk
 .text.SystemInit
                0x080033d8      0x140 ./Core/Src/system_stm32h7xx.o
                0x080033d8                SystemInit
 .text.ExitRun0Mode
                0x08003518       0x30 ./Core/Src/system_stm32h7xx.o
                0x08003518                ExitRun0Mode
 .text.__io_putchar
                0x08003548       0x24 ./Core/Src/user_def.o
                0x08003548                __io_putchar
 .text.test_ads8638
                0x0800356c      0x460 ./Core/Src/user_def.o
                0x0800356c                test_ads8638
 .text.init_proc
                0x080039cc        0xe ./Core/Src/user_def.o
                0x080039cc                init_proc
 .text.run_proc
                0x080039da       0x10 ./Core/Src/user_def.o
                0x080039da                run_proc
 *fill*         0x080039ea        0x2 
 .text.Reset_Handler
                0x080039ec       0x54 ./Core/Startup/startup_stm32h743vihx.o
                0x080039ec                Reset_Handler
 .text.Default_Handler
                0x08003a40        0x2 ./Core/Startup/startup_stm32h743vihx.o
                0x08003a40                RTC_Alarm_IRQHandler
                0x08003a40                EXTI2_IRQHandler
                0x08003a40                TIM8_CC_IRQHandler
                0x08003a40                HRTIM1_Master_IRQHandler
                0x08003a40                UART8_IRQHandler
                0x08003a40                TIM1_CC_IRQHandler
                0x08003a40                BDMA_Channel6_IRQHandler
                0x08003a40                DMA2_Stream5_IRQHandler
                0x08003a40                HRTIM1_FLT_IRQHandler
                0x08003a40                JPEG_IRQHandler
                0x08003a40                BDMA_Channel1_IRQHandler
                0x08003a40                HRTIM1_TIMD_IRQHandler
                0x08003a40                TAMP_STAMP_IRQHandler
                0x08003a40                EXTI3_IRQHandler
                0x08003a40                LPTIM4_IRQHandler
                0x08003a40                TIM8_TRG_COM_TIM14_IRQHandler
                0x08003a40                LPTIM2_IRQHandler
                0x08003a40                DFSDM1_FLT1_IRQHandler
                0x08003a40                DMAMUX2_OVR_IRQHandler
                0x08003a40                TIM8_UP_TIM13_IRQHandler
                0x08003a40                I2C3_ER_IRQHandler
                0x08003a40                DFSDM1_FLT2_IRQHandler
                0x08003a40                MDMA_IRQHandler
                0x08003a40                LPTIM3_IRQHandler
                0x08003a40                HSEM1_IRQHandler
                0x08003a40                EXTI0_IRQHandler
                0x08003a40                I2C2_EV_IRQHandler
                0x08003a40                FPU_IRQHandler
                0x08003a40                OTG_HS_WKUP_IRQHandler
                0x08003a40                FDCAN1_IT1_IRQHandler
                0x08003a40                LTDC_ER_IRQHandler
                0x08003a40                DMA2_Stream2_IRQHandler
                0x08003a40                HRTIM1_TIME_IRQHandler
                0x08003a40                TIM6_DAC_IRQHandler
                0x08003a40                DCMI_IRQHandler
                0x08003a40                HRTIM1_TIMC_IRQHandler
                0x08003a40                DMA2_Stream3_IRQHandler
                0x08003a40                SAI2_IRQHandler
                0x08003a40                DFSDM1_FLT3_IRQHandler
                0x08003a40                USART6_IRQHandler
                0x08003a40                TIM17_IRQHandler
                0x08003a40                USART3_IRQHandler
                0x08003a40                BDMA_Channel7_IRQHandler
                0x08003a40                LPTIM5_IRQHandler
                0x08003a40                UART5_IRQHandler
                0x08003a40                ADC3_IRQHandler
                0x08003a40                DMA2_Stream0_IRQHandler
                0x08003a40                TIM4_IRQHandler
                0x08003a40                BDMA_Channel2_IRQHandler
                0x08003a40                QUADSPI_IRQHandler
                0x08003a40                I2C1_EV_IRQHandler
                0x08003a40                DMA1_Stream6_IRQHandler
                0x08003a40                DMAMUX1_OVR_IRQHandler
                0x08003a40                TIM16_IRQHandler
                0x08003a40                UART4_IRQHandler
                0x08003a40                BDMA_Channel5_IRQHandler
                0x08003a40                TIM3_IRQHandler
                0x08003a40                RCC_IRQHandler
                0x08003a40                TIM8_BRK_TIM12_IRQHandler
                0x08003a40                TIM1_TRG_COM_IRQHandler
                0x08003a40                Default_Handler
                0x08003a40                ECC_IRQHandler
                0x08003a40                CEC_IRQHandler
                0x08003a40                EXTI15_10_IRQHandler
                0x08003a40                ADC_IRQHandler
                0x08003a40                DMA1_Stream7_IRQHandler
                0x08003a40                HRTIM1_TIMA_IRQHandler
                0x08003a40                SPI5_IRQHandler
                0x08003a40                SDMMC1_IRQHandler
                0x08003a40                TIM5_IRQHandler
                0x08003a40                DMA2_Stream7_IRQHandler
                0x08003a40                TIM15_IRQHandler
                0x08003a40                PVD_AVD_IRQHandler
                0x08003a40                I2C3_EV_IRQHandler
                0x08003a40                EXTI9_5_IRQHandler
                0x08003a40                RTC_WKUP_IRQHandler
                0x08003a40                LTDC_IRQHandler
                0x08003a40                SAI3_IRQHandler
                0x08003a40                ETH_WKUP_IRQHandler
                0x08003a40                SPDIF_RX_IRQHandler
                0x08003a40                SPI2_IRQHandler
                0x08003a40                OTG_HS_EP1_IN_IRQHandler
                0x08003a40                CRS_IRQHandler
                0x08003a40                EXTI4_IRQHandler
                0x08003a40                RNG_IRQHandler
                0x08003a40                HRTIM1_TIMB_IRQHandler
                0x08003a40                FDCAN2_IT1_IRQHandler
                0x08003a40                ETH_IRQHandler
                0x08003a40                TIM1_UP_IRQHandler
                0x08003a40                BDMA_Channel4_IRQHandler
                0x08003a40                OTG_HS_EP1_OUT_IRQHandler
                0x08003a40                WWDG_IRQHandler
                0x08003a40                SPI6_IRQHandler
                0x08003a40                MDIOS_IRQHandler
                0x08003a40                I2C4_EV_IRQHandler
                0x08003a40                FDCAN2_IT0_IRQHandler
                0x08003a40                LPUART1_IRQHandler
                0x08003a40                FDCAN1_IT0_IRQHandler
                0x08003a40                TIM2_IRQHandler
                0x08003a40                OTG_FS_WKUP_IRQHandler
                0x08003a40                OTG_HS_IRQHandler
                0x08003a40                DMA2D_IRQHandler
                0x08003a40                TIM1_BRK_IRQHandler
                0x08003a40                EXTI1_IRQHandler
                0x08003a40                SDMMC2_IRQHandler
                0x08003a40                OTG_FS_EP1_OUT_IRQHandler
                0x08003a40                BDMA_Channel3_IRQHandler
                0x08003a40                UART7_IRQHandler
                0x08003a40                MDIOS_WKUP_IRQHandler
                0x08003a40                USART2_IRQHandler
                0x08003a40                DFSDM1_FLT0_IRQHandler
                0x08003a40                SAI4_IRQHandler
                0x08003a40                I2C2_ER_IRQHandler
                0x08003a40                DMA2_Stream1_IRQHandler
                0x08003a40                FLASH_IRQHandler
                0x08003a40                DMA2_Stream4_IRQHandler
                0x08003a40                USART1_IRQHandler
                0x08003a40                OTG_FS_IRQHandler
                0x08003a40                SPI3_IRQHandler
                0x08003a40                WAKEUP_PIN_IRQHandler
                0x08003a40                OTG_FS_EP1_IN_IRQHandler
                0x08003a40                I2C1_ER_IRQHandler
                0x08003a40                FMC_IRQHandler
                0x08003a40                FDCAN_CAL_IRQHandler
                0x08003a40                SWPMI1_IRQHandler
                0x08003a40                COMP1_IRQHandler
                0x08003a40                LPTIM1_IRQHandler
                0x08003a40                I2C4_ER_IRQHandler
                0x08003a40                DMA2_Stream6_IRQHandler
                0x08003a40                SAI1_IRQHandler
 *fill*         0x08003a42        0x2 
 .text.HAL_Init
                0x08003a44       0x78 ./Drivers/STM32H7xx_HAL_Driver/Src/stm32h7xx_hal.o
                0x08003a44                HAL_Init
 .text.HAL_InitTick
                0x08003abc       0x6c ./Drivers/STM32H7xx_HAL_Driver/Src/stm32h7xx_hal.o
                0x08003abc                HAL_InitTick
 .text.HAL_IncTick
                0x08003b28       0x28 ./Drivers/STM32H7xx_HAL_Driver/Src/stm32h7xx_hal.o
                0x08003b28                HAL_IncTick
 .text.HAL_GetTick
                0x08003b50       0x18 ./Drivers/STM32H7xx_HAL_Driver/Src/stm32h7xx_hal.o
                0x08003b50                HAL_GetTick
 .text.HAL_Delay
                0x08003b68       0x48 ./Drivers/STM32H7xx_HAL_Driver/Src/stm32h7xx_hal.o
                0x08003b68                HAL_Delay
 .text.HAL_GetREVID
                0x08003bb0       0x18 ./Drivers/STM32H7xx_HAL_Driver/Src/stm32h7xx_hal.o
                0x08003bb0                HAL_GetREVID
 .text.HAL_SYSCFG_AnalogSwitchConfig
                0x08003bc8       0x2c ./Drivers/STM32H7xx_HAL_Driver/Src/stm32h7xx_hal.o
                0x08003bc8                HAL_SYSCFG_AnalogSwitchConfig
 .text.LL_ADC_SetCommonClock
                0x08003bf4       0x26 ./Drivers/STM32H7xx_HAL_Driver/Src/stm32h7xx_hal_adc.o
 .text.LL_ADC_SetCommonPathInternalCh
                0x08003c1a       0x26 ./Drivers/STM32H7xx_HAL_Driver/Src/stm32h7xx_hal_adc.o
 .text.LL_ADC_GetCommonPathInternalCh
                0x08003c40       0x1c ./Drivers/STM32H7xx_HAL_Driver/Src/stm32h7xx_hal_adc.o
 .text.LL_ADC_SetChannelPreselection
                0x08003c5c       0x66 ./Drivers/STM32H7xx_HAL_Driver/Src/stm32h7xx_hal_adc.o
 .text.LL_ADC_SetOffset
                0x08003cc2       0x40 ./Drivers/STM32H7xx_HAL_Driver/Src/stm32h7xx_hal_adc.o
 .text.LL_ADC_SetDataRightShift
                0x08003d02       0x32 ./Drivers/STM32H7xx_HAL_Driver/Src/stm32h7xx_hal_adc.o
 .text.LL_ADC_SetOffsetSignedSaturation
                0x08003d34       0x36 ./Drivers/STM32H7xx_HAL_Driver/Src/stm32h7xx_hal_adc.o
 .text.LL_ADC_REG_SetSequencerRanks
                0x08003d6a       0x58 ./Drivers/STM32H7xx_HAL_Driver/Src/stm32h7xx_hal_adc.o
 .text.LL_ADC_SetChannelSamplingTime
                0x08003dc2       0x56 ./Drivers/STM32H7xx_HAL_Driver/Src/stm32h7xx_hal_adc.o
 .text.LL_ADC_SetChannelSingleDiff
                0x08003e18       0x48 ./Drivers/STM32H7xx_HAL_Driver/Src/stm32h7xx_hal_adc.o
 .text.LL_ADC_DisableDeepPowerDown
                0x08003e60       0x24 ./Drivers/STM32H7xx_HAL_Driver/Src/stm32h7xx_hal_adc.o
 .text.LL_ADC_IsDeepPowerDownEnabled
                0x08003e84       0x28 ./Drivers/STM32H7xx_HAL_Driver/Src/stm32h7xx_hal_adc.o
 .text.LL_ADC_EnableInternalRegulator
                0x08003eac       0x28 ./Drivers/STM32H7xx_HAL_Driver/Src/stm32h7xx_hal_adc.o
 .text.LL_ADC_IsInternalRegulatorEnabled
                0x08003ed4       0x28 ./Drivers/STM32H7xx_HAL_Driver/Src/stm32h7xx_hal_adc.o
 .text.LL_ADC_IsEnabled
                0x08003efc       0x26 ./Drivers/STM32H7xx_HAL_Driver/Src/stm32h7xx_hal_adc.o
 .text.LL_ADC_REG_IsConversionOngoing
                0x08003f22       0x26 ./Drivers/STM32H7xx_HAL_Driver/Src/stm32h7xx_hal_adc.o
 .text.LL_ADC_INJ_IsConversionOngoing
                0x08003f48       0x26 ./Drivers/STM32H7xx_HAL_Driver/Src/stm32h7xx_hal_adc.o
 *fill*         0x08003f6e        0x2 
 .text.HAL_ADC_Init
                0x08003f70      0x344 ./Drivers/STM32H7xx_HAL_Driver/Src/stm32h7xx_hal_adc.o
                0x08003f70                HAL_ADC_Init
 .text.HAL_ADC_ConfigChannel
                0x080042b4      0x5e0 ./Drivers/STM32H7xx_HAL_Driver/Src/stm32h7xx_hal_adc.o
                0x080042b4                HAL_ADC_ConfigChannel
 .text.ADC_ConfigureBoostMode
                0x08004894      0x218 ./Drivers/STM32H7xx_HAL_Driver/Src/stm32h7xx_hal_adc.o
                0x08004894                ADC_ConfigureBoostMode
 .text.LL_ADC_IsEnabled
                0x08004aac       0x26 ./Drivers/STM32H7xx_HAL_Driver/Src/stm32h7xx_hal_adc_ex.o
 .text.LL_ADC_REG_IsConversionOngoing
                0x08004ad2       0x26 ./Drivers/STM32H7xx_HAL_Driver/Src/stm32h7xx_hal_adc_ex.o
 .text.HAL_ADCEx_MultiModeConfigChannel
                0x08004af8      0x1bc ./Drivers/STM32H7xx_HAL_Driver/Src/stm32h7xx_hal_adc_ex.o
                0x08004af8                HAL_ADCEx_MultiModeConfigChannel
 .text.__NVIC_SetPriorityGrouping
                0x08004cb4       0x48 ./Drivers/STM32H7xx_HAL_Driver/Src/stm32h7xx_hal_cortex.o
 .text.__NVIC_GetPriorityGrouping
                0x08004cfc       0x1c ./Drivers/STM32H7xx_HAL_Driver/Src/stm32h7xx_hal_cortex.o
 .text.__NVIC_EnableIRQ
                0x08004d18       0x3c ./Drivers/STM32H7xx_HAL_Driver/Src/stm32h7xx_hal_cortex.o
 .text.__NVIC_SetPriority
                0x08004d54       0x54 ./Drivers/STM32H7xx_HAL_Driver/Src/stm32h7xx_hal_cortex.o
 .text.NVIC_EncodePriority
                0x08004da8       0x66 ./Drivers/STM32H7xx_HAL_Driver/Src/stm32h7xx_hal_cortex.o
 *fill*         0x08004e0e        0x2 
 .text.SysTick_Config
                0x08004e10       0x44 ./Drivers/STM32H7xx_HAL_Driver/Src/stm32h7xx_hal_cortex.o
 .text.HAL_NVIC_SetPriorityGrouping
                0x08004e54       0x16 ./Drivers/STM32H7xx_HAL_Driver/Src/stm32h7xx_hal_cortex.o
                0x08004e54                HAL_NVIC_SetPriorityGrouping
 .text.HAL_NVIC_SetPriority
                0x08004e6a       0x34 ./Drivers/STM32H7xx_HAL_Driver/Src/stm32h7xx_hal_cortex.o
                0x08004e6a                HAL_NVIC_SetPriority
 .text.HAL_NVIC_EnableIRQ
                0x08004e9e       0x1c ./Drivers/STM32H7xx_HAL_Driver/Src/stm32h7xx_hal_cortex.o
                0x08004e9e                HAL_NVIC_EnableIRQ
 .text.HAL_SYSTICK_Config
                0x08004eba       0x18 ./Drivers/STM32H7xx_HAL_Driver/Src/stm32h7xx_hal_cortex.o
                0x08004eba                HAL_SYSTICK_Config
 *fill*         0x08004ed2        0x2 
 .text.HAL_MPU_Disable
                0x08004ed4       0x30 ./Drivers/STM32H7xx_HAL_Driver/Src/stm32h7xx_hal_cortex.o
                0x08004ed4                HAL_MPU_Disable
 .text.HAL_MPU_Enable
                0x08004f04       0x40 ./Drivers/STM32H7xx_HAL_Driver/Src/stm32h7xx_hal_cortex.o
                0x08004f04                HAL_MPU_Enable
 .text.HAL_MPU_ConfigRegion
                0x08004f44       0x80 ./Drivers/STM32H7xx_HAL_Driver/Src/stm32h7xx_hal_cortex.o
                0x08004f44                HAL_MPU_ConfigRegion
 .text.HAL_DMA_Init
                0x08004fc4      0x6b8 ./Drivers/STM32H7xx_HAL_Driver/Src/stm32h7xx_hal_dma.o
                0x08004fc4                HAL_DMA_Init
 .text.HAL_DMA_Abort_IT
                0x0800567c      0x48c ./Drivers/STM32H7xx_HAL_Driver/Src/stm32h7xx_hal_dma.o
                0x0800567c                HAL_DMA_Abort_IT
 .text.HAL_DMA_IRQHandler
                0x08005b08      0xe54 ./Drivers/STM32H7xx_HAL_Driver/Src/stm32h7xx_hal_dma.o
                0x08005b08                HAL_DMA_IRQHandler
 .text.DMA_CalcBaseAndBitshift
                0x0800695c      0x164 ./Drivers/STM32H7xx_HAL_Driver/Src/stm32h7xx_hal_dma.o
 .text.DMA_CheckFifoParam
                0x08006ac0       0xf8 ./Drivers/STM32H7xx_HAL_Driver/Src/stm32h7xx_hal_dma.o
 .text.DMA_CalcDMAMUXChannelBaseAndMask
                0x08006bb8      0x134 ./Drivers/STM32H7xx_HAL_Driver/Src/stm32h7xx_hal_dma.o
 .text.DMA_CalcDMAMUXRequestGenBaseAndMask
                0x08006cec       0xe8 ./Drivers/STM32H7xx_HAL_Driver/Src/stm32h7xx_hal_dma.o
 .text.HAL_FDCAN_Init
                0x08006dd4      0x3bc ./Drivers/STM32H7xx_HAL_Driver/Src/stm32h7xx_hal_fdcan.o
                0x08006dd4                HAL_FDCAN_Init
 .text.FDCAN_CalcultateRamBlockAddresses
                0x08007190      0x30c ./Drivers/STM32H7xx_HAL_Driver/Src/stm32h7xx_hal_fdcan.o
 .text.HAL_GPIO_Init
                0x0800749c      0x360 ./Drivers/STM32H7xx_HAL_Driver/Src/stm32h7xx_hal_gpio.o
                0x0800749c                HAL_GPIO_Init
 .text.HAL_GPIO_ReadPin
                0x080077fc       0x30 ./Drivers/STM32H7xx_HAL_Driver/Src/stm32h7xx_hal_gpio.o
                0x080077fc                HAL_GPIO_ReadPin
 .text.HAL_GPIO_WritePin
                0x0800782c       0x32 ./Drivers/STM32H7xx_HAL_Driver/Src/stm32h7xx_hal_gpio.o
                0x0800782c                HAL_GPIO_WritePin
 *fill*         0x0800785e        0x2 
 .text.HAL_PWREx_ConfigSupply
                0x08007860       0x74 ./Drivers/STM32H7xx_HAL_Driver/Src/stm32h7xx_hal_pwr_ex.o
                0x08007860                HAL_PWREx_ConfigSupply
 .text.HAL_RCC_OscConfig
                0x080078d4      0x8b4 ./Drivers/STM32H7xx_HAL_Driver/Src/stm32h7xx_hal_rcc.o
                0x080078d4                HAL_RCC_OscConfig
 .text.HAL_RCC_ClockConfig
                0x08008188      0x36c ./Drivers/STM32H7xx_HAL_Driver/Src/stm32h7xx_hal_rcc.o
                0x08008188                HAL_RCC_ClockConfig
 .text.HAL_RCC_GetSysClockFreq
                0x080084f4      0x2f4 ./Drivers/STM32H7xx_HAL_Driver/Src/stm32h7xx_hal_rcc.o
                0x080084f4                HAL_RCC_GetSysClockFreq
 .text.HAL_RCC_GetHCLKFreq
                0x080087e8       0x60 ./Drivers/STM32H7xx_HAL_Driver/Src/stm32h7xx_hal_rcc.o
                0x080087e8                HAL_RCC_GetHCLKFreq
 .text.HAL_RCC_GetPCLK1Freq
                0x08008848       0x2c ./Drivers/STM32H7xx_HAL_Driver/Src/stm32h7xx_hal_rcc.o
                0x08008848                HAL_RCC_GetPCLK1Freq
 .text.HAL_RCC_GetPCLK2Freq
                0x08008874       0x2c ./Drivers/STM32H7xx_HAL_Driver/Src/stm32h7xx_hal_rcc.o
                0x08008874                HAL_RCC_GetPCLK2Freq
 .text.HAL_RCCEx_PeriphCLKConfig
                0x080088a0     0x1414 ./Drivers/STM32H7xx_HAL_Driver/Src/stm32h7xx_hal_rcc_ex.o
                0x080088a0                HAL_RCCEx_PeriphCLKConfig
 .text.HAL_RCCEx_GetPeriphCLKFreq
                0x08009cb4      0xb00 ./Drivers/STM32H7xx_HAL_Driver/Src/stm32h7xx_hal_rcc_ex.o
                0x08009cb4                HAL_RCCEx_GetPeriphCLKFreq
 .text.HAL_RCCEx_GetD3PCLK1Freq
                0x0800a7b4       0x2c ./Drivers/STM32H7xx_HAL_Driver/Src/stm32h7xx_hal_rcc_ex.o
                0x0800a7b4                HAL_RCCEx_GetD3PCLK1Freq
 .text.HAL_RCCEx_GetPLL2ClockFreq
                0x0800a7e0      0x2a8 ./Drivers/STM32H7xx_HAL_Driver/Src/stm32h7xx_hal_rcc_ex.o
                0x0800a7e0                HAL_RCCEx_GetPLL2ClockFreq
 .text.HAL_RCCEx_GetPLL3ClockFreq
                0x0800aa88      0x2a8 ./Drivers/STM32H7xx_HAL_Driver/Src/stm32h7xx_hal_rcc_ex.o
                0x0800aa88                HAL_RCCEx_GetPLL3ClockFreq
 .text.HAL_RCCEx_GetPLL1ClockFreq
                0x0800ad30      0x2a4 ./Drivers/STM32H7xx_HAL_Driver/Src/stm32h7xx_hal_rcc_ex.o
                0x0800ad30                HAL_RCCEx_GetPLL1ClockFreq
 .text.RCCEx_PLL2_Config
                0x0800afd4      0x164 ./Drivers/STM32H7xx_HAL_Driver/Src/stm32h7xx_hal_rcc_ex.o
 .text.RCCEx_PLL3_Config
                0x0800b138      0x164 ./Drivers/STM32H7xx_HAL_Driver/Src/stm32h7xx_hal_rcc_ex.o
 .text.HAL_SPI_Init
                0x0800b29c      0x248 ./Drivers/STM32H7xx_HAL_Driver/Src/stm32h7xx_hal_spi.o
                0x0800b29c                HAL_SPI_Init
 .text.HAL_SPI_TransmitReceive
                0x0800b4e4      0x674 ./Drivers/STM32H7xx_HAL_Driver/Src/stm32h7xx_hal_spi.o
                0x0800b4e4                HAL_SPI_TransmitReceive
 .text.HAL_SPI_IRQHandler
                0x0800bb58      0x39c ./Drivers/STM32H7xx_HAL_Driver/Src/stm32h7xx_hal_spi.o
                0x0800bb58                HAL_SPI_IRQHandler
 .text.HAL_SPI_TxCpltCallback
                0x0800bef4       0x14 ./Drivers/STM32H7xx_HAL_Driver/Src/stm32h7xx_hal_spi.o
                0x0800bef4                HAL_SPI_TxCpltCallback
 .text.HAL_SPI_RxCpltCallback
                0x0800bf08       0x14 ./Drivers/STM32H7xx_HAL_Driver/Src/stm32h7xx_hal_spi.o
                0x0800bf08                HAL_SPI_RxCpltCallback
 .text.HAL_SPI_TxRxCpltCallback
                0x0800bf1c       0x14 ./Drivers/STM32H7xx_HAL_Driver/Src/stm32h7xx_hal_spi.o
                0x0800bf1c                HAL_SPI_TxRxCpltCallback
 .text.HAL_SPI_ErrorCallback
                0x0800bf30       0x14 ./Drivers/STM32H7xx_HAL_Driver/Src/stm32h7xx_hal_spi.o
                0x0800bf30                HAL_SPI_ErrorCallback
 .text.HAL_SPI_SuspendCallback
                0x0800bf44       0x14 ./Drivers/STM32H7xx_HAL_Driver/Src/stm32h7xx_hal_spi.o
                0x0800bf44                HAL_SPI_SuspendCallback
 .text.SPI_DMAAbortOnError
                0x0800bf58       0x34 ./Drivers/STM32H7xx_HAL_Driver/Src/stm32h7xx_hal_spi.o
 .text.SPI_CloseTransfer
                0x0800bf8c      0x140 ./Drivers/STM32H7xx_HAL_Driver/Src/stm32h7xx_hal_spi.o
 .text.SPI_WaitOnFlagUntilTimeout
                0x0800c0cc       0x5c ./Drivers/STM32H7xx_HAL_Driver/Src/stm32h7xx_hal_spi.o
 .text.SPI_GetPacketSize
                0x0800c128       0x36 ./Drivers/STM32H7xx_HAL_Driver/Src/stm32h7xx_hal_spi.o
 .text.HAL_TIM_Base_Init
                0x0800c15e       0xae ./Drivers/STM32H7xx_HAL_Driver/Src/stm32h7xx_hal_tim.o
                0x0800c15e                HAL_TIM_Base_Init
 .text.HAL_TIM_PWM_Init
                0x0800c20c       0xae ./Drivers/STM32H7xx_HAL_Driver/Src/stm32h7xx_hal_tim.o
                0x0800c20c                HAL_TIM_PWM_Init
 .text.HAL_TIM_PWM_MspInit
                0x0800c2ba       0x14 ./Drivers/STM32H7xx_HAL_Driver/Src/stm32h7xx_hal_tim.o
                0x0800c2ba                HAL_TIM_PWM_MspInit
 .text.HAL_TIM_OnePulse_Init
                0x0800c2ce       0xa0 ./Drivers/STM32H7xx_HAL_Driver/Src/stm32h7xx_hal_tim.o
                0x0800c2ce                HAL_TIM_OnePulse_Init
 .text.HAL_TIM_OnePulse_MspInit
                0x0800c36e       0x14 ./Drivers/STM32H7xx_HAL_Driver/Src/stm32h7xx_hal_tim.o
                0x0800c36e                HAL_TIM_OnePulse_MspInit
 *fill*         0x0800c382        0x2 
 .text.HAL_TIM_Encoder_Init
                0x0800c384      0x14c ./Drivers/STM32H7xx_HAL_Driver/Src/stm32h7xx_hal_tim.o
                0x0800c384                HAL_TIM_Encoder_Init
 .text.HAL_TIM_IRQHandler
                0x0800c4d0      0x20e ./Drivers/STM32H7xx_HAL_Driver/Src/stm32h7xx_hal_tim.o
                0x0800c4d0                HAL_TIM_IRQHandler
 *fill*         0x0800c6de        0x2 
 .text.HAL_TIM_PWM_ConfigChannel
                0x0800c6e0      0x228 ./Drivers/STM32H7xx_HAL_Driver/Src/stm32h7xx_hal_tim.o
                0x0800c6e0                HAL_TIM_PWM_ConfigChannel
 .text.HAL_TIM_ConfigClockSource
                0x0800c908      0x1f0 ./Drivers/STM32H7xx_HAL_Driver/Src/stm32h7xx_hal_tim.o
                0x0800c908                HAL_TIM_ConfigClockSource
 .text.HAL_TIM_PeriodElapsedCallback
                0x0800caf8       0x14 ./Drivers/STM32H7xx_HAL_Driver/Src/stm32h7xx_hal_tim.o
                0x0800caf8                HAL_TIM_PeriodElapsedCallback
 .text.HAL_TIM_OC_DelayElapsedCallback
                0x0800cb0c       0x14 ./Drivers/STM32H7xx_HAL_Driver/Src/stm32h7xx_hal_tim.o
                0x0800cb0c                HAL_TIM_OC_DelayElapsedCallback
 .text.HAL_TIM_IC_CaptureCallback
                0x0800cb20       0x14 ./Drivers/STM32H7xx_HAL_Driver/Src/stm32h7xx_hal_tim.o
                0x0800cb20                HAL_TIM_IC_CaptureCallback
 .text.HAL_TIM_PWM_PulseFinishedCallback
                0x0800cb34       0x14 ./Drivers/STM32H7xx_HAL_Driver/Src/stm32h7xx_hal_tim.o
                0x0800cb34                HAL_TIM_PWM_PulseFinishedCallback
 .text.HAL_TIM_TriggerCallback
                0x0800cb48       0x14 ./Drivers/STM32H7xx_HAL_Driver/Src/stm32h7xx_hal_tim.o
                0x0800cb48                HAL_TIM_TriggerCallback
 .text.TIM_Base_SetConfig
                0x0800cb5c      0x140 ./Drivers/STM32H7xx_HAL_Driver/Src/stm32h7xx_hal_tim.o
                0x0800cb5c                TIM_Base_SetConfig
 .text.TIM_OC1_SetConfig
                0x0800cc9c      0x120 ./Drivers/STM32H7xx_HAL_Driver/Src/stm32h7xx_hal_tim.o
 .text.TIM_OC2_SetConfig
                0x0800cdbc      0x114 ./Drivers/STM32H7xx_HAL_Driver/Src/stm32h7xx_hal_tim.o
                0x0800cdbc                TIM_OC2_SetConfig
 .text.TIM_OC3_SetConfig
                0x0800ced0      0x110 ./Drivers/STM32H7xx_HAL_Driver/Src/stm32h7xx_hal_tim.o
 .text.TIM_OC4_SetConfig
                0x0800cfe0       0xd4 ./Drivers/STM32H7xx_HAL_Driver/Src/stm32h7xx_hal_tim.o
 .text.TIM_OC5_SetConfig
                0x0800d0b4       0xc8 ./Drivers/STM32H7xx_HAL_Driver/Src/stm32h7xx_hal_tim.o
 .text.TIM_OC6_SetConfig
                0x0800d17c       0xcc ./Drivers/STM32H7xx_HAL_Driver/Src/stm32h7xx_hal_tim.o
 .text.TIM_TI1_ConfigInputStage
                0x0800d248       0x5e ./Drivers/STM32H7xx_HAL_Driver/Src/stm32h7xx_hal_tim.o
 .text.TIM_TI2_ConfigInputStage
                0x0800d2a6       0x60 ./Drivers/STM32H7xx_HAL_Driver/Src/stm32h7xx_hal_tim.o
 *fill*         0x0800d306        0x2 
 .text.TIM_ITRx_SetConfig
                0x0800d308       0x3c ./Drivers/STM32H7xx_HAL_Driver/Src/stm32h7xx_hal_tim.o
 .text.TIM_ETR_SetConfig
                0x0800d344       0x40 ./Drivers/STM32H7xx_HAL_Driver/Src/stm32h7xx_hal_tim.o
                0x0800d344                TIM_ETR_SetConfig
 .text.HAL_TIMEx_MasterConfigSynchronization
                0x0800d384      0x11c ./Drivers/STM32H7xx_HAL_Driver/Src/stm32h7xx_hal_tim_ex.o
                0x0800d384                HAL_TIMEx_MasterConfigSynchronization
 .text.HAL_TIMEx_ConfigBreakDeadTime
                0x0800d4a0       0xfc ./Drivers/STM32H7xx_HAL_Driver/Src/stm32h7xx_hal_tim_ex.o
                0x0800d4a0                HAL_TIMEx_ConfigBreakDeadTime
 .text.HAL_TIMEx_CommutCallback
                0x0800d59c       0x14 ./Drivers/STM32H7xx_HAL_Driver/Src/stm32h7xx_hal_tim_ex.o
                0x0800d59c                HAL_TIMEx_CommutCallback
 .text.HAL_TIMEx_BreakCallback
                0x0800d5b0       0x14 ./Drivers/STM32H7xx_HAL_Driver/Src/stm32h7xx_hal_tim_ex.o
                0x0800d5b0                HAL_TIMEx_BreakCallback
 .text.HAL_TIMEx_Break2Callback
                0x0800d5c4       0x14 ./Drivers/STM32H7xx_HAL_Driver/Src/stm32h7xx_hal_tim_ex.o
                0x0800d5c4                HAL_TIMEx_Break2Callback
 .text.HAL_UART_Init
                0x0800d5d8       0xa0 ./Drivers/STM32H7xx_HAL_Driver/Src/stm32h7xx_hal_uart.o
                0x0800d5d8                HAL_UART_Init
 .text.HAL_UART_Transmit
                0x0800d678      0x11c ./Drivers/STM32H7xx_HAL_Driver/Src/stm32h7xx_hal_uart.o
                0x0800d678                HAL_UART_Transmit
 .text.UART_SetConfig
                0x0800d794      0xad0 ./Drivers/STM32H7xx_HAL_Driver/Src/stm32h7xx_hal_uart.o
                0x0800d794                UART_SetConfig
 .text.UART_AdvFeatureConfig
                0x0800e264      0x144 ./Drivers/STM32H7xx_HAL_Driver/Src/stm32h7xx_hal_uart.o
                0x0800e264                UART_AdvFeatureConfig
 .text.UART_CheckIdleState
                0x0800e3a8      0x154 ./Drivers/STM32H7xx_HAL_Driver/Src/stm32h7xx_hal_uart.o
                0x0800e3a8                UART_CheckIdleState
 .text.UART_WaitOnFlagUntilTimeout
                0x0800e4fc       0xda ./Drivers/STM32H7xx_HAL_Driver/Src/stm32h7xx_hal_uart.o
                0x0800e4fc                UART_WaitOnFlagUntilTimeout
 *fill*         0x0800e5d6        0x2 
 .text.UART_EndRxTransfer
                0x0800e5d8       0xcc ./Drivers/STM32H7xx_HAL_Driver/Src/stm32h7xx_hal_uart.o
 .text.HAL_RS485Ex_Init
                0x0800e6a4       0xd4 ./Drivers/STM32H7xx_HAL_Driver/Src/stm32h7xx_hal_uart_ex.o
                0x0800e6a4                HAL_RS485Ex_Init
 .text.HAL_UARTEx_DisableFifoMode
                0x0800e778       0x72 ./Drivers/STM32H7xx_HAL_Driver/Src/stm32h7xx_hal_uart_ex.o
                0x0800e778                HAL_UARTEx_DisableFifoMode
 .text.HAL_UARTEx_SetTxFifoThreshold
                0x0800e7ea       0x7c ./Drivers/STM32H7xx_HAL_Driver/Src/stm32h7xx_hal_uart_ex.o
                0x0800e7ea                HAL_UARTEx_SetTxFifoThreshold
 .text.HAL_UARTEx_SetRxFifoThreshold
                0x0800e866       0x7c ./Drivers/STM32H7xx_HAL_Driver/Src/stm32h7xx_hal_uart_ex.o
                0x0800e866                HAL_UARTEx_SetRxFifoThreshold
 *fill*         0x0800e8e2        0x2 
 .text.UARTEx_SetNbDataToProcess
                0x0800e8e4       0x9c ./Drivers/STM32H7xx_HAL_Driver/Src/stm32h7xx_hal_uart_ex.o
 .text._malloc_r
                0x0800e980      0x474 C:/ST/STM32CubeCLT_1.19.0/GNU-tools-for-STM32/bin/../lib/gcc/arm-none-eabi/13.3.1/../../../../arm-none-eabi/lib/thumb/v7e-m+dp/hard\libc.a(libc_a-mallocr.o)
                0x0800e980                _malloc_r
 .text.__malloc_lock
                0x0800edf4        0xc C:/ST/STM32CubeCLT_1.19.0/GNU-tools-for-STM32/bin/../lib/gcc/arm-none-eabi/13.3.1/../../../../arm-none-eabi/lib/thumb/v7e-m+dp/hard\libc.a(libc_a-mlock.o)
                0x0800edf4                __malloc_lock
 .text.__malloc_unlock
                0x0800ee00        0xc C:/ST/STM32CubeCLT_1.19.0/GNU-tools-for-STM32/bin/../lib/gcc/arm-none-eabi/13.3.1/../../../../arm-none-eabi/lib/thumb/v7e-m+dp/hard\libc.a(libc_a-mlock.o)
                0x0800ee00                __malloc_unlock
 .text.std      0x0800ee0c       0x6c C:/ST/STM32CubeCLT_1.19.0/GNU-tools-for-STM32/bin/../lib/gcc/arm-none-eabi/13.3.1/../../../../arm-none-eabi/lib/thumb/v7e-m+dp/hard\libc.a(libc_a-findfp.o)
 .text.stdio_exit_handler
                0x0800ee78       0x18 C:/ST/STM32CubeCLT_1.19.0/GNU-tools-for-STM32/bin/../lib/gcc/arm-none-eabi/13.3.1/../../../../arm-none-eabi/lib/thumb/v7e-m+dp/hard\libc.a(libc_a-findfp.o)
 .text.cleanup_stdio
                0x0800ee90       0x40 C:/ST/STM32CubeCLT_1.19.0/GNU-tools-for-STM32/bin/../lib/gcc/arm-none-eabi/13.3.1/../../../../arm-none-eabi/lib/thumb/v7e-m+dp/hard\libc.a(libc_a-findfp.o)
 .text.global_stdio_init.part.0
                0x0800eed0       0x3c C:/ST/STM32CubeCLT_1.19.0/GNU-tools-for-STM32/bin/../lib/gcc/arm-none-eabi/13.3.1/../../../../arm-none-eabi/lib/thumb/v7e-m+dp/hard\libc.a(libc_a-findfp.o)
 .text.__sfp_lock_acquire
                0x0800ef0c        0xc C:/ST/STM32CubeCLT_1.19.0/GNU-tools-for-STM32/bin/../lib/gcc/arm-none-eabi/13.3.1/../../../../arm-none-eabi/lib/thumb/v7e-m+dp/hard\libc.a(libc_a-findfp.o)
                0x0800ef0c                __sfp_lock_acquire
 .text.__sfp_lock_release
                0x0800ef18        0xc C:/ST/STM32CubeCLT_1.19.0/GNU-tools-for-STM32/bin/../lib/gcc/arm-none-eabi/13.3.1/../../../../arm-none-eabi/lib/thumb/v7e-m+dp/hard\libc.a(libc_a-findfp.o)
                0x0800ef18                __sfp_lock_release
 .text.__sinit  0x0800ef24       0x30 C:/ST/STM32CubeCLT_1.19.0/GNU-tools-for-STM32/bin/../lib/gcc/arm-none-eabi/13.3.1/../../../../arm-none-eabi/lib/thumb/v7e-m+dp/hard\libc.a(libc_a-findfp.o)
                0x0800ef24                __sinit
 .text._fwalk_sglue
                0x0800ef54       0x3c C:/ST/STM32CubeCLT_1.19.0/GNU-tools-for-STM32/bin/../lib/gcc/arm-none-eabi/13.3.1/../../../../arm-none-eabi/lib/thumb/v7e-m+dp/hard\libc.a(libc_a-fwalk.o)
                0x0800ef54                _fwalk_sglue
 .text.printf   0x0800ef90       0x24 C:/ST/STM32CubeCLT_1.19.0/GNU-tools-for-STM32/bin/../lib/gcc/arm-none-eabi/13.3.1/../../../../arm-none-eabi/lib/thumb/v7e-m+dp/hard\libc.a(libc_a-printf.o)
                0x0800ef90                printf
 .text._puts_r  0x0800efb4       0x94 C:/ST/STM32CubeCLT_1.19.0/GNU-tools-for-STM32/bin/../lib/gcc/arm-none-eabi/13.3.1/../../../../arm-none-eabi/lib/thumb/v7e-m+dp/hard\libc.a(libc_a-puts.o)
                0x0800efb4                _puts_r
 .text.puts     0x0800f048       0x10 C:/ST/STM32CubeCLT_1.19.0/GNU-tools-for-STM32/bin/../lib/gcc/arm-none-eabi/13.3.1/../../../../arm-none-eabi/lib/thumb/v7e-m+dp/hard\libc.a(libc_a-puts.o)
                0x0800f048                puts
 .text.__sread  0x0800f058       0x22 C:/ST/STM32CubeCLT_1.19.0/GNU-tools-for-STM32/bin/../lib/gcc/arm-none-eabi/13.3.1/../../../../arm-none-eabi/lib/thumb/v7e-m+dp/hard\libc.a(libc_a-stdio.o)
                0x0800f058                __sread
 .text.__swrite
                0x0800f07a       0x38 C:/ST/STM32CubeCLT_1.19.0/GNU-tools-for-STM32/bin/../lib/gcc/arm-none-eabi/13.3.1/../../../../arm-none-eabi/lib/thumb/v7e-m+dp/hard\libc.a(libc_a-stdio.o)
                0x0800f07a                __swrite
 .text.__sseek  0x0800f0b2       0x24 C:/ST/STM32CubeCLT_1.19.0/GNU-tools-for-STM32/bin/../lib/gcc/arm-none-eabi/13.3.1/../../../../arm-none-eabi/lib/thumb/v7e-m+dp/hard\libc.a(libc_a-stdio.o)
                0x0800f0b2                __sseek
 .text.__sclose
                0x0800f0d6        0x8 C:/ST/STM32CubeCLT_1.19.0/GNU-tools-for-STM32/bin/../lib/gcc/arm-none-eabi/13.3.1/../../../../arm-none-eabi/lib/thumb/v7e-m+dp/hard\libc.a(libc_a-stdio.o)
                0x0800f0d6                __sclose
 .text.memset   0x0800f0de       0x10 C:/ST/STM32CubeCLT_1.19.0/GNU-tools-for-STM32/bin/../lib/gcc/arm-none-eabi/13.3.1/../../../../arm-none-eabi/lib/thumb/v7e-m+dp/hard\libc.a(libc_a-memset.o)
                0x0800f0de                memset
 *fill*         0x0800f0ee        0x2 
 .text._close_r
                0x0800f0f0       0x20 C:/ST/STM32CubeCLT_1.19.0/GNU-tools-for-STM32/bin/../lib/gcc/arm-none-eabi/13.3.1/../../../../arm-none-eabi/lib/thumb/v7e-m+dp/hard\libc.a(libc_a-closer.o)
                0x0800f0f0                _close_r
 .text._lseek_r
                0x0800f110       0x24 C:/ST/STM32CubeCLT_1.19.0/GNU-tools-for-STM32/bin/../lib/gcc/arm-none-eabi/13.3.1/../../../../arm-none-eabi/lib/thumb/v7e-m+dp/hard\libc.a(libc_a-lseekr.o)
                0x0800f110                _lseek_r
 .text._read_r  0x0800f134       0x24 C:/ST/STM32CubeCLT_1.19.0/GNU-tools-for-STM32/bin/../lib/gcc/arm-none-eabi/13.3.1/../../../../arm-none-eabi/lib/thumb/v7e-m+dp/hard\libc.a(libc_a-readr.o)
                0x0800f134                _read_r
 .text._sbrk_r  0x0800f158       0x20 C:/ST/STM32CubeCLT_1.19.0/GNU-tools-for-STM32/bin/../lib/gcc/arm-none-eabi/13.3.1/../../../../arm-none-eabi/lib/thumb/v7e-m+dp/hard\libc.a(libc_a-sbrkr.o)
                0x0800f158                _sbrk_r
 .text._write_r
                0x0800f178       0x24 C:/ST/STM32CubeCLT_1.19.0/GNU-tools-for-STM32/bin/../lib/gcc/arm-none-eabi/13.3.1/../../../../arm-none-eabi/lib/thumb/v7e-m+dp/hard\libc.a(libc_a-writer.o)
                0x0800f178                _write_r
 .text.__errno  0x0800f19c        0xc C:/ST/STM32CubeCLT_1.19.0/GNU-tools-for-STM32/bin/../lib/gcc/arm-none-eabi/13.3.1/../../../../arm-none-eabi/lib/thumb/v7e-m+dp/hard\libc.a(libc_a-errno.o)
                0x0800f19c                __errno
 .text.__libc_init_array
                0x0800f1a8       0x48 C:/ST/STM32CubeCLT_1.19.0/GNU-tools-for-STM32/bin/../lib/gcc/arm-none-eabi/13.3.1/../../../../arm-none-eabi/lib/thumb/v7e-m+dp/hard\libc.a(libc_a-init.o)
                0x0800f1a8                __libc_init_array
 .text.__retarget_lock_init_recursive
                0x0800f1f0        0x2 C:/ST/STM32CubeCLT_1.19.0/GNU-tools-for-STM32/bin/../lib/gcc/arm-none-eabi/13.3.1/../../../../arm-none-eabi/lib/thumb/v7e-m+dp/hard\libc.a(libc_a-lock.o)
                0x0800f1f0                __retarget_lock_init_recursive
 .text.__retarget_lock_close_recursive
                0x0800f1f2        0x2 C:/ST/STM32CubeCLT_1.19.0/GNU-tools-for-STM32/bin/../lib/gcc/arm-none-eabi/13.3.1/../../../../arm-none-eabi/lib/thumb/v7e-m+dp/hard\libc.a(libc_a-lock.o)
                0x0800f1f2                __retarget_lock_close_recursive
 .text.__retarget_lock_acquire_recursive
                0x0800f1f4        0x2 C:/ST/STM32CubeCLT_1.19.0/GNU-tools-for-STM32/bin/../lib/gcc/arm-none-eabi/13.3.1/../../../../arm-none-eabi/lib/thumb/v7e-m+dp/hard\libc.a(libc_a-lock.o)
                0x0800f1f4                __retarget_lock_acquire_recursive
 .text.__retarget_lock_release_recursive
                0x0800f1f6        0x2 C:/ST/STM32CubeCLT_1.19.0/GNU-tools-for-STM32/bin/../lib/gcc/arm-none-eabi/13.3.1/../../../../arm-none-eabi/lib/thumb/v7e-m+dp/hard\libc.a(libc_a-lock.o)
                0x0800f1f6                __retarget_lock_release_recursive
 .text.sysconf  0x0800f1f8       0x18 C:/ST/STM32CubeCLT_1.19.0/GNU-tools-for-STM32/bin/../lib/gcc/arm-none-eabi/13.3.1/../../../../arm-none-eabi/lib/thumb/v7e-m+dp/hard\libc.a(libc_a-sysconf.o)
                0x0800f1f8                sysconf
 .text.memcpy   0x0800f210       0x1c C:/ST/STM32CubeCLT_1.19.0/GNU-tools-for-STM32/bin/../lib/gcc/arm-none-eabi/13.3.1/../../../../arm-none-eabi/lib/thumb/v7e-m+dp/hard\libc.a(libc_a-memcpy-stub.o)
                0x0800f210                memcpy
 .text.startup.register_fini
                0x0800f22c       0x14 C:/ST/STM32CubeCLT_1.19.0/GNU-tools-for-STM32/bin/../lib/gcc/arm-none-eabi/13.3.1/../../../../arm-none-eabi/lib/thumb/v7e-m+dp/hard\libc.a(libc_a-__call_atexit.o)
 .text.atexit   0x0800f240        0xc C:/ST/STM32CubeCLT_1.19.0/GNU-tools-for-STM32/bin/../lib/gcc/arm-none-eabi/13.3.1/../../../../arm-none-eabi/lib/thumb/v7e-m+dp/hard\libc.a(libc_a-atexit.o)
                0x0800f240                atexit
 .text._malloc_trim_r
                0x0800f24c       0xac C:/ST/STM32CubeCLT_1.19.0/GNU-tools-for-STM32/bin/../lib/gcc/arm-none-eabi/13.3.1/../../../../arm-none-eabi/lib/thumb/v7e-m+dp/hard\libc.a(libc_a-freer.o)
                0x0800f24c                _malloc_trim_r
 .text._free_r  0x0800f2f8      0x180 C:/ST/STM32CubeCLT_1.19.0/GNU-tools-for-STM32/bin/../lib/gcc/arm-none-eabi/13.3.1/../../../../arm-none-eabi/lib/thumb/v7e-m+dp/hard\libc.a(libc_a-freer.o)
                0x0800f2f8                _free_r
 .text._vfprintf_r
                0x0800f478     0x13c4 C:/ST/STM32CubeCLT_1.19.0/GNU-tools-for-STM32/bin/../lib/gcc/arm-none-eabi/13.3.1/../../../../arm-none-eabi/lib/thumb/v7e-m+dp/hard\libc.a(libc_a-vfprintf.o)
                0x0800f478                _vfprintf_r
 .text.__sbprintf
                0x0801083c       0x80 C:/ST/STM32CubeCLT_1.19.0/GNU-tools-for-STM32/bin/../lib/gcc/arm-none-eabi/13.3.1/../../../../arm-none-eabi/lib/thumb/v7e-m+dp/hard\libc.a(libc_a-vfprintf.o)
 .text.__sprint_r
                0x080108bc       0x1a C:/ST/STM32CubeCLT_1.19.0/GNU-tools-for-STM32/bin/../lib/gcc/arm-none-eabi/13.3.1/../../../../arm-none-eabi/lib/thumb/v7e-m+dp/hard\libc.a(libc_a-sprint_r.o)
                0x080108bc                __sprint_r
 .text._fclose_r
                0x080108d6       0xac C:/ST/STM32CubeCLT_1.19.0/GNU-tools-for-STM32/bin/../lib/gcc/arm-none-eabi/13.3.1/../../../../arm-none-eabi/lib/thumb/v7e-m+dp/hard\libc.a(libc_a-fclose.o)
                0x080108d6                _fclose_r
 *fill*         0x08010982        0x2 
 .text.__sflush_r
                0x08010984      0x110 C:/ST/STM32CubeCLT_1.19.0/GNU-tools-for-STM32/bin/../lib/gcc/arm-none-eabi/13.3.1/../../../../arm-none-eabi/lib/thumb/v7e-m+dp/hard\libc.a(libc_a-fflush.o)
                0x08010984                __sflush_r
 .text._fflush_r
                0x08010a94       0x4a C:/ST/STM32CubeCLT_1.19.0/GNU-tools-for-STM32/bin/../lib/gcc/arm-none-eabi/13.3.1/../../../../arm-none-eabi/lib/thumb/v7e-m+dp/hard\libc.a(libc_a-fflush.o)
                0x08010a94                _fflush_r
 *fill*         0x08010ade        0x2 
 .text.__sfvwrite_r
                0x08010ae0      0x298 C:/ST/STM32CubeCLT_1.19.0/GNU-tools-for-STM32/bin/../lib/gcc/arm-none-eabi/13.3.1/../../../../arm-none-eabi/lib/thumb/v7e-m+dp/hard\libc.a(libc_a-fvwrite.o)
                0x08010ae0                __sfvwrite_r
 .text.__swsetup_r
                0x08010d78       0xac C:/ST/STM32CubeCLT_1.19.0/GNU-tools-for-STM32/bin/../lib/gcc/arm-none-eabi/13.3.1/../../../../arm-none-eabi/lib/thumb/v7e-m+dp/hard\libc.a(libc_a-wsetup.o)
                0x08010d78                __swsetup_r
 .text.memmove  0x08010e24       0x34 C:/ST/STM32CubeCLT_1.19.0/GNU-tools-for-STM32/bin/../lib/gcc/arm-none-eabi/13.3.1/../../../../arm-none-eabi/lib/thumb/v7e-m+dp/hard\libc.a(libc_a-memmove.o)
                0x08010e24                memmove
 .text.strncpy  0x08010e58       0x26 C:/ST/STM32CubeCLT_1.19.0/GNU-tools-for-STM32/bin/../lib/gcc/arm-none-eabi/13.3.1/../../../../arm-none-eabi/lib/thumb/v7e-m+dp/hard\libc.a(libc_a-strncpy.o)
                0x08010e58                strncpy
 *fill*         0x08010e7e        0x2 
 .text._localeconv_r
                0x08010e80        0x8 C:/ST/STM32CubeCLT_1.19.0/GNU-tools-for-STM32/bin/../lib/gcc/arm-none-eabi/13.3.1/../../../../arm-none-eabi/lib/thumb/v7e-m+dp/hard\libc.a(libc_a-localeconv.o)
                0x08010e80                _localeconv_r
 .text.__libc_fini_array
                0x08010e88       0x28 C:/ST/STM32CubeCLT_1.19.0/GNU-tools-for-STM32/bin/../lib/gcc/arm-none-eabi/13.3.1/../../../../arm-none-eabi/lib/thumb/v7e-m+dp/hard\libc.a(libc_a-fini.o)
                0x08010e88                __libc_fini_array
 .text.frexp    0x08010eb0       0x68 C:/ST/STM32CubeCLT_1.19.0/GNU-tools-for-STM32/bin/../lib/gcc/arm-none-eabi/13.3.1/../../../../arm-none-eabi/lib/thumb/v7e-m+dp/hard\libc.a(libm_a-s_frexp.o)
                0x08010eb0                frexp
 .text.__register_exitproc
                0x08010f18       0x80 C:/ST/STM32CubeCLT_1.19.0/GNU-tools-for-STM32/bin/../lib/gcc/arm-none-eabi/13.3.1/../../../../arm-none-eabi/lib/thumb/v7e-m+dp/hard\libc.a(libc_a-__atexit.o)
                0x08010f18                __register_exitproc
 .text.quorem   0x08010f98      0x110 C:/ST/STM32CubeCLT_1.19.0/GNU-tools-for-STM32/bin/../lib/gcc/arm-none-eabi/13.3.1/../../../../arm-none-eabi/lib/thumb/v7e-m+dp/hard\libc.a(libc_a-dtoa.o)
 .text._dtoa_r  0x080110a8      0xa88 C:/ST/STM32CubeCLT_1.19.0/GNU-tools-for-STM32/bin/../lib/gcc/arm-none-eabi/13.3.1/../../../../arm-none-eabi/lib/thumb/v7e-m+dp/hard\libc.a(libc_a-dtoa.o)
                0x080110a8                _dtoa_r
 .text._Balloc  0x08011b30       0x4a C:/ST/STM32CubeCLT_1.19.0/GNU-tools-for-STM32/bin/../lib/gcc/arm-none-eabi/13.3.1/../../../../arm-none-eabi/lib/thumb/v7e-m+dp/hard\libc.a(libc_a-mprec.o)
                0x08011b30                _Balloc
 .text._Bfree   0x08011b7a       0x12 C:/ST/STM32CubeCLT_1.19.0/GNU-tools-for-STM32/bin/../lib/gcc/arm-none-eabi/13.3.1/../../../../arm-none-eabi/lib/thumb/v7e-m+dp/hard\libc.a(libc_a-mprec.o)
                0x08011b7a                _Bfree
 .text.__multadd
                0x08011b8c       0x8c C:/ST/STM32CubeCLT_1.19.0/GNU-tools-for-STM32/bin/../lib/gcc/arm-none-eabi/13.3.1/../../../../arm-none-eabi/lib/thumb/v7e-m+dp/hard\libc.a(libc_a-mprec.o)
                0x08011b8c                __multadd
 .text.__hi0bits
                0x08011c18       0x3e C:/ST/STM32CubeCLT_1.19.0/GNU-tools-for-STM32/bin/../lib/gcc/arm-none-eabi/13.3.1/../../../../arm-none-eabi/lib/thumb/v7e-m+dp/hard\libc.a(libc_a-mprec.o)
                0x08011c18                __hi0bits
 .text.__lo0bits
                0x08011c56       0x5a C:/ST/STM32CubeCLT_1.19.0/GNU-tools-for-STM32/bin/../lib/gcc/arm-none-eabi/13.3.1/../../../../arm-none-eabi/lib/thumb/v7e-m+dp/hard\libc.a(libc_a-mprec.o)
                0x08011c56                __lo0bits
 .text.__i2b    0x08011cb0       0x2c C:/ST/STM32CubeCLT_1.19.0/GNU-tools-for-STM32/bin/../lib/gcc/arm-none-eabi/13.3.1/../../../../arm-none-eabi/lib/thumb/v7e-m+dp/hard\libc.a(libc_a-mprec.o)
                0x08011cb0                __i2b
 .text.__multiply
                0x08011cdc      0x144 C:/ST/STM32CubeCLT_1.19.0/GNU-tools-for-STM32/bin/../lib/gcc/arm-none-eabi/13.3.1/../../../../arm-none-eabi/lib/thumb/v7e-m+dp/hard\libc.a(libc_a-mprec.o)
                0x08011cdc                __multiply
 .text.__pow5mult
                0x08011e20       0x80 C:/ST/STM32CubeCLT_1.19.0/GNU-tools-for-STM32/bin/../lib/gcc/arm-none-eabi/13.3.1/../../../../arm-none-eabi/lib/thumb/v7e-m+dp/hard\libc.a(libc_a-mprec.o)
                0x08011e20                __pow5mult
 .text.__lshift
                0x08011ea0       0xd8 C:/ST/STM32CubeCLT_1.19.0/GNU-tools-for-STM32/bin/../lib/gcc/arm-none-eabi/13.3.1/../../../../arm-none-eabi/lib/thumb/v7e-m+dp/hard\libc.a(libc_a-mprec.o)
                0x08011ea0                __lshift
 .text.__mcmp   0x08011f78       0x36 C:/ST/STM32CubeCLT_1.19.0/GNU-tools-for-STM32/bin/../lib/gcc/arm-none-eabi/13.3.1/../../../../arm-none-eabi/lib/thumb/v7e-m+dp/hard\libc.a(libc_a-mprec.o)
                0x08011f78                __mcmp
 *fill*         0x08011fae        0x2 
 .text.__mdiff  0x08011fb0      0x128 C:/ST/STM32CubeCLT_1.19.0/GNU-tools-for-STM32/bin/../lib/gcc/arm-none-eabi/13.3.1/../../../../arm-none-eabi/lib/thumb/v7e-m+dp/hard\libc.a(libc_a-mprec.o)
                0x08011fb0                __mdiff
 .text.__d2b    0x080120d8       0xb0 C:/ST/STM32CubeCLT_1.19.0/GNU-tools-for-STM32/bin/../lib/gcc/arm-none-eabi/13.3.1/../../../../arm-none-eabi/lib/thumb/v7e-m+dp/hard\libc.a(libc_a-mprec.o)
                0x080120d8                __d2b
 .text._realloc_r
                0x08012188      0x350 C:/ST/STM32CubeCLT_1.19.0/GNU-tools-for-STM32/bin/../lib/gcc/arm-none-eabi/13.3.1/../../../../arm-none-eabi/lib/thumb/v7e-m+dp/hard\libc.a(libc_a-reallocr.o)
                0x08012188                _realloc_r
 .text.__swhatbuf_r
                0x080124d8       0x50 C:/ST/STM32CubeCLT_1.19.0/GNU-tools-for-STM32/bin/../lib/gcc/arm-none-eabi/13.3.1/../../../../arm-none-eabi/lib/thumb/v7e-m+dp/hard\libc.a(libc_a-makebuf.o)
                0x080124d8                __swhatbuf_r
 .text.__smakebuf_r
                0x08012528       0x78 C:/ST/STM32CubeCLT_1.19.0/GNU-tools-for-STM32/bin/../lib/gcc/arm-none-eabi/13.3.1/../../../../arm-none-eabi/lib/thumb/v7e-m+dp/hard\libc.a(libc_a-makebuf.o)
                0x08012528                __smakebuf_r
 .text._fstat_r
                0x080125a0       0x24 C:/ST/STM32CubeCLT_1.19.0/GNU-tools-for-STM32/bin/../lib/gcc/arm-none-eabi/13.3.1/../../../../arm-none-eabi/lib/thumb/v7e-m+dp/hard\libc.a(libc_a-fstatr.o)
                0x080125a0                _fstat_r
 .text._isatty_r
                0x080125c4       0x20 C:/ST/STM32CubeCLT_1.19.0/GNU-tools-for-STM32/bin/../lib/gcc/arm-none-eabi/13.3.1/../../../../arm-none-eabi/lib/thumb/v7e-m+dp/hard\libc.a(libc_a-isattyr.o)
                0x080125c4                _isatty_r
 .text.__assert_func
                0x080125e4       0x3c C:/ST/STM32CubeCLT_1.19.0/GNU-tools-for-STM32/bin/../lib/gcc/arm-none-eabi/13.3.1/../../../../arm-none-eabi/lib/thumb/v7e-m+dp/hard\libc.a(libc_a-assert.o)
                0x080125e4                __assert_func
 .text._calloc_r
                0x08012620       0x6a C:/ST/STM32CubeCLT_1.19.0/GNU-tools-for-STM32/bin/../lib/gcc/arm-none-eabi/13.3.1/../../../../arm-none-eabi/lib/thumb/v7e-m+dp/hard\libc.a(libc_a-callocr.o)
                0x08012620                _calloc_r
 .text.__ascii_mbtowc
                0x0801268a       0x24 C:/ST/STM32CubeCLT_1.19.0/GNU-tools-for-STM32/bin/../lib/gcc/arm-none-eabi/13.3.1/../../../../arm-none-eabi/lib/thumb/v7e-m+dp/hard\libc.a(libc_a-mbtowc_r.o)
                0x0801268a                __ascii_mbtowc
 .text.__ascii_wctomb
                0x080126ae       0x1a C:/ST/STM32CubeCLT_1.19.0/GNU-tools-for-STM32/bin/../lib/gcc/arm-none-eabi/13.3.1/../../../../arm-none-eabi/lib/thumb/v7e-m+dp/hard\libc.a(libc_a-wctomb_r.o)
                0x080126ae                __ascii_wctomb
 .text.fiprintf
                0x080126c8       0x24 C:/ST/STM32CubeCLT_1.19.0/GNU-tools-for-STM32/bin/../lib/gcc/arm-none-eabi/13.3.1/../../../../arm-none-eabi/lib/thumb/v7e-m+dp/hard\libc.a(libc_a-fiprintf.o)
                0x080126c8                fiprintf
 .text._vfiprintf_r
                0x080126ec      0x910 C:/ST/STM32CubeCLT_1.19.0/GNU-tools-for-STM32/bin/../lib/gcc/arm-none-eabi/13.3.1/../../../../arm-none-eabi/lib/thumb/v7e-m+dp/hard\libc.a(libc_a-vfiprintf.o)
                0x080126ec                _vfiprintf_r
 .text.__sbprintf
                0x08012ffc       0x80 C:/ST/STM32CubeCLT_1.19.0/GNU-tools-for-STM32/bin/../lib/gcc/arm-none-eabi/13.3.1/../../../../arm-none-eabi/lib/thumb/v7e-m+dp/hard\libc.a(libc_a-vfiprintf.o)
 .text.abort    0x0801307c        0xe C:/ST/STM32CubeCLT_1.19.0/GNU-tools-for-STM32/bin/../lib/gcc/arm-none-eabi/13.3.1/../../../../arm-none-eabi/lib/thumb/v7e-m+dp/hard\libc.a(libc_a-abort.o)
                0x0801307c                abort
 .text._raise_r
                0x0801308a       0x52 C:/ST/STM32CubeCLT_1.19.0/GNU-tools-for-STM32/bin/../lib/gcc/arm-none-eabi/13.3.1/../../../../arm-none-eabi/lib/thumb/v7e-m+dp/hard\libc.a(libc_a-signal.o)
                0x0801308a                _raise_r
 .text.raise    0x080130dc       0x10 C:/ST/STM32CubeCLT_1.19.0/GNU-tools-for-STM32/bin/../lib/gcc/arm-none-eabi/13.3.1/../../../../arm-none-eabi/lib/thumb/v7e-m+dp/hard\libc.a(libc_a-signal.o)
                0x080130dc                raise
 .text._kill_r  0x080130ec       0x24 C:/ST/STM32CubeCLT_1.19.0/GNU-tools-for-STM32/bin/../lib/gcc/arm-none-eabi/13.3.1/../../../../arm-none-eabi/lib/thumb/v7e-m+dp/hard\libc.a(libc_a-signalr.o)
                0x080130ec                _kill_r
 .text._getpid_r
                0x08013110        0x4 C:/ST/STM32CubeCLT_1.19.0/GNU-tools-for-STM32/bin/../lib/gcc/arm-none-eabi/13.3.1/../../../../arm-none-eabi/lib/thumb/v7e-m+dp/hard\libc.a(libc_a-signalr.o)
                0x08013110                _getpid_r
 *(.glue_7)
 .glue_7        0x08013114        0x0 linker stubs
 *(.glue_7t)
 .glue_7t       0x08013114        0x0 linker stubs
 *(.eh_frame)
 .eh_frame      0x08013114        0x0 C:/ST/STM32CubeCLT_1.19.0/GNU-tools-for-STM32/bin/../lib/gcc/arm-none-eabi/13.3.1/thumb/v7e-m+dp/hard/crtbegin.o
 *(.init)
 .init          0x08013114        0x4 C:/ST/STM32CubeCLT_1.19.0/GNU-tools-for-STM32/bin/../lib/gcc/arm-none-eabi/13.3.1/thumb/v7e-m+dp/hard/crti.o
                0x08013114                _init
 .init          0x08013118        0x8 C:/ST/STM32CubeCLT_1.19.0/GNU-tools-for-STM32/bin/../lib/gcc/arm-none-eabi/13.3.1/thumb/v7e-m+dp/hard/crtn.o
 *(.fini)
 .fini          0x08013120        0x4 C:/ST/STM32CubeCLT_1.19.0/GNU-tools-for-STM32/bin/../lib/gcc/arm-none-eabi/13.3.1/thumb/v7e-m+dp/hard/crti.o
                0x08013120                _fini
 .fini          0x08013124        0x8 C:/ST/STM32CubeCLT_1.19.0/GNU-tools-for-STM32/bin/../lib/gcc/arm-none-eabi/13.3.1/thumb/v7e-m+dp/hard/crtn.o
                0x0801312c                        . = ALIGN (0x4)
                0x0801312c                        _etext = .

.vfp11_veneer   0x0801312c        0x0
 .vfp11_veneer  0x0801312c        0x0 linker stubs

.v4_bx          0x0801312c        0x0
 .v4_bx         0x0801312c        0x0 linker stubs

.iplt           0x0801312c        0x0
 .iplt          0x0801312c        0x0 C:/ST/STM32CubeCLT_1.19.0/GNU-tools-for-STM32/bin/../lib/gcc/arm-none-eabi/13.3.1/thumb/v7e-m+dp/hard/crtbegin.o

.rodata         0x08013130     0x1578
                0x08013130                        . = ALIGN (0x4)
 *(.rodata)
 .rodata        0x08013130     0x115d ./Core/Src/user_def.o
 *fill*         0x0801428d        0x3 
 .rodata        0x08014290       0x4c ./Drivers/STM32H7xx_HAL_Driver/Src/stm32h7xx_hal_fdcan.o
 *(.rodata*)
 .rodata.D1CorePrescTable
                0x080142dc       0x10 ./Core/Src/system_stm32h7xx.o
                0x080142dc                D1CorePrescTable
 .rodata.flagBitshiftOffset.0
                0x080142ec        0x8 ./Drivers/STM32H7xx_HAL_Driver/Src/stm32h7xx_hal_dma.o
 .rodata.UARTPrescTable
                0x080142f4       0x18 ./Drivers/STM32H7xx_HAL_Driver/Src/stm32h7xx_hal_uart.o
                0x080142f4                UARTPrescTable
 .rodata.numerator.1
                0x0801430c        0x8 ./Drivers/STM32H7xx_HAL_Driver/Src/stm32h7xx_hal_uart_ex.o
 .rodata.denominator.0
                0x08014314        0x8 ./Drivers/STM32H7xx_HAL_Driver/Src/stm32h7xx_hal_uart_ex.o
 .rodata._ctype_
                0x0801431c      0x101 C:/ST/STM32CubeCLT_1.19.0/GNU-tools-for-STM32/bin/../lib/gcc/arm-none-eabi/13.3.1/../../../../arm-none-eabi/lib/thumb/v7e-m+dp/hard\libc.a(libc_a-ctype_.o)
                0x0801431c                _ctype_
 .rodata._puts_r.str1.1
                0x0801441d      0x149 C:/ST/STM32CubeCLT_1.19.0/GNU-tools-for-STM32/bin/../lib/gcc/arm-none-eabi/13.3.1/../../../../arm-none-eabi/lib/thumb/v7e-m+dp/hard\libc.a(libc_a-puts.o)
                                  0x2 (size before relaxing)
 .rodata._vfprintf_r.str1.1
                0x08014566       0x34 C:/ST/STM32CubeCLT_1.19.0/GNU-tools-for-STM32/bin/../lib/gcc/arm-none-eabi/13.3.1/../../../../arm-none-eabi/lib/thumb/v7e-m+dp/hard\libc.a(libc_a-vfprintf.o)
 .rodata.zeroes.0
                0x08014566       0x10 C:/ST/STM32CubeCLT_1.19.0/GNU-tools-for-STM32/bin/../lib/gcc/arm-none-eabi/13.3.1/../../../../arm-none-eabi/lib/thumb/v7e-m+dp/hard\libc.a(libc_a-vfprintf.o)
 .rodata.blanks.1
                0x08014576       0x10 C:/ST/STM32CubeCLT_1.19.0/GNU-tools-for-STM32/bin/../lib/gcc/arm-none-eabi/13.3.1/../../../../arm-none-eabi/lib/thumb/v7e-m+dp/hard\libc.a(libc_a-vfprintf.o)
 .rodata._dtoa_r.str1.1
                0x08014586       0x78 C:/ST/STM32CubeCLT_1.19.0/GNU-tools-for-STM32/bin/../lib/gcc/arm-none-eabi/13.3.1/../../../../arm-none-eabi/lib/thumb/v7e-m+dp/hard\libc.a(libc_a-dtoa.o)
 .rodata.__multadd.str1.1
                0x08014586       0x6a C:/ST/STM32CubeCLT_1.19.0/GNU-tools-for-STM32/bin/../lib/gcc/arm-none-eabi/13.3.1/../../../../arm-none-eabi/lib/thumb/v7e-m+dp/hard\libc.a(libc_a-mprec.o)
 *fill*         0x08014586        0x2 
 .rodata.p05.0  0x08014588        0xc C:/ST/STM32CubeCLT_1.19.0/GNU-tools-for-STM32/bin/../lib/gcc/arm-none-eabi/13.3.1/../../../../arm-none-eabi/lib/thumb/v7e-m+dp/hard\libc.a(libc_a-mprec.o)
 *fill*         0x08014594        0x4 
 .rodata.__mprec_bigtens
                0x08014598       0x28 C:/ST/STM32CubeCLT_1.19.0/GNU-tools-for-STM32/bin/../lib/gcc/arm-none-eabi/13.3.1/../../../../arm-none-eabi/lib/thumb/v7e-m+dp/hard\libc.a(libc_a-mprec.o)
                0x08014598                __mprec_bigtens
 .rodata.__mprec_tens
                0x080145c0       0xc8 C:/ST/STM32CubeCLT_1.19.0/GNU-tools-for-STM32/bin/../lib/gcc/arm-none-eabi/13.3.1/../../../../arm-none-eabi/lib/thumb/v7e-m+dp/hard\libc.a(libc_a-mprec.o)
                0x080145c0                __mprec_tens
 .rodata._setlocale_r.str1.1
                0x08014688        0x9 C:/ST/STM32CubeCLT_1.19.0/GNU-tools-for-STM32/bin/../lib/gcc/arm-none-eabi/13.3.1/../../../../arm-none-eabi/lib/thumb/v7e-m+dp/hard\libc.a(libc_a-locale.o)
 .rodata.str1.1
                0x08014688        0x2 C:/ST/STM32CubeCLT_1.19.0/GNU-tools-for-STM32/bin/../lib/gcc/arm-none-eabi/13.3.1/../../../../arm-none-eabi/lib/thumb/v7e-m+dp/hard\libc.a(libc_a-locale.o)
 .rodata.__assert_func.str1.1
                0x08014688       0x3d C:/ST/STM32CubeCLT_1.19.0/GNU-tools-for-STM32/bin/../lib/gcc/arm-none-eabi/13.3.1/../../../../arm-none-eabi/lib/thumb/v7e-m+dp/hard\libc.a(libc_a-assert.o)
 .rodata._vfiprintf_r.str1.1
                0x08014688       0x22 C:/ST/STM32CubeCLT_1.19.0/GNU-tools-for-STM32/bin/../lib/gcc/arm-none-eabi/13.3.1/../../../../arm-none-eabi/lib/thumb/v7e-m+dp/hard\libc.a(libc_a-vfiprintf.o)
 .rodata.zeroes.0
                0x08014688       0x10 C:/ST/STM32CubeCLT_1.19.0/GNU-tools-for-STM32/bin/../lib/gcc/arm-none-eabi/13.3.1/../../../../arm-none-eabi/lib/thumb/v7e-m+dp/hard\libc.a(libc_a-vfiprintf.o)
 .rodata.blanks.1
                0x08014698       0x10 C:/ST/STM32CubeCLT_1.19.0/GNU-tools-for-STM32/bin/../lib/gcc/arm-none-eabi/13.3.1/../../../../arm-none-eabi/lib/thumb/v7e-m+dp/hard\libc.a(libc_a-vfiprintf.o)
                0x080146c8                        . = ALIGN (0x4)

.ARM.extab
 *(.ARM.extab* .gnu.linkonce.armextab.*)

.ARM            0x080146a8        0x8
                0x080146a8                        __exidx_start = .
 *(.ARM.exidx*)
 .ARM.exidx     0x080146a8        0x8 C:/ST/STM32CubeCLT_1.19.0/GNU-tools-for-STM32/bin/../lib/gcc/arm-none-eabi/13.3.1/../../../../arm-none-eabi/lib/thumb/v7e-m+dp/hard\libc.a(libc_a-strlen.o)
 .ARM.exidx     0x080146b0        0x0 C:/ST/STM32CubeCLT_1.19.0/GNU-tools-for-STM32/bin/../lib/gcc/arm-none-eabi/13.3.1/../../../../arm-none-eabi/lib/thumb/v7e-m+dp/hard\libc.a(libc_a-memchr.o)
                                  0x8 (size before relaxing)
 .ARM.exidx     0x080146b0        0x0 C:/ST/STM32CubeCLT_1.19.0/GNU-tools-for-STM32/bin/../lib/gcc/arm-none-eabi/13.3.1/thumb/v7e-m+dp/hard\libgcc.a(_udivmoddi4.o)
                                  0x8 (size before relaxing)
                0x080146b0                        __exidx_end = .

.preinit_array  0x080146b0        0x0
                0x080146b0                        PROVIDE (__preinit_array_start = .)
 *(.preinit_array*)
                0x080146b0                        PROVIDE (__preinit_array_end = .)

.init_array     0x080146b0        0x8
                0x080146b0                        PROVIDE (__init_array_start = .)
 *(SORT_BY_NAME(.init_array.*))
 .init_array.00000
                0x080146b0        0x4 C:/ST/STM32CubeCLT_1.19.0/GNU-tools-for-STM32/bin/../lib/gcc/arm-none-eabi/13.3.1/../../../../arm-none-eabi/lib/thumb/v7e-m+dp/hard\libc.a(libc_a-__call_atexit.o)
 *(.init_array*)
 .init_array    0x080146b4        0x4 C:/ST/STM32CubeCLT_1.19.0/GNU-tools-for-STM32/bin/../lib/gcc/arm-none-eabi/13.3.1/thumb/v7e-m+dp/hard/crtbegin.o
                0x080146b8                        PROVIDE (__init_array_end = .)

.fini_array     0x080146b8        0x4
                0x080146b8                        PROVIDE (__fini_array_start = .)
 *(SORT_BY_NAME(.fini_array.*))
 *(.fini_array*)
 .fini_array    0x080146b8        0x4 C:/ST/STM32CubeCLT_1.19.0/GNU-tools-for-STM32/bin/../lib/gcc/arm-none-eabi/13.3.1/thumb/v7e-m+dp/hard/crtbegin.o
                0x080146bc                        PROVIDE (__fini_array_end = .)
                0x080146bc                        _sidata = LOADADDR (.data)

.rel.dyn        0x080146bc        0x0
 .rel.iplt      0x080146bc        0x0 C:/ST/STM32CubeCLT_1.19.0/GNU-tools-for-STM32/bin/../lib/gcc/arm-none-eabi/13.3.1/thumb/v7e-m+dp/hard/crtbegin.o

.dma_buffer     0x24000000        0x0
                0x24000000                        . = ALIGN (0x20)
                0x24000000                        __dma_buffer_start = .
 *(.dma_buffer)
 *(.dma_buffer.*)
                0x24000000                        . = ALIGN (0x20)
                0x24000000                        __dma_buffer_end = .

.ram_d3         0x38000000        0x0
                0x38000000                        . = ALIGN (0x20)
 *(.ram_d3)
                0x38000000                        . = ALIGN (0x20)

.data           0x24020000      0x6e0 load address 0x080146bc
                0x24020000                        . = ALIGN (0x4)
                0x24020000                        _sdata = .
 *(.data)
 *(.data*)
 .data.SystemCoreClock
                0x24020000        0x4 ./Core/Src/system_stm32h7xx.o
                0x24020000                SystemCoreClock
 .data.SystemD2Clock
                0x24020004        0x4 ./Core/Src/system_stm32h7xx.o
                0x24020004                SystemD2Clock
 .data.uwTickPrio
                0x24020008        0x4 ./Drivers/STM32H7xx_HAL_Driver/Src/stm32h7xx_hal.o
                0x24020008                uwTickPrio
 .data.uwTickFreq
                0x2402000c        0x1 ./Drivers/STM32H7xx_HAL_Driver/Src/stm32h7xx_hal.o
                0x2402000c                uwTickFreq
 *fill*         0x2402000d        0x3 
 .data.__malloc_sbrk_base
                0x24020010        0x4 C:/ST/STM32CubeCLT_1.19.0/GNU-tools-for-STM32/bin/../lib/gcc/arm-none-eabi/13.3.1/../../../../arm-none-eabi/lib/thumb/v7e-m+dp/hard\libc.a(libc_a-mallocr.o)
                0x24020010                __malloc_sbrk_base
 .data.__malloc_trim_threshold
                0x24020014        0x4 C:/ST/STM32CubeCLT_1.19.0/GNU-tools-for-STM32/bin/../lib/gcc/arm-none-eabi/13.3.1/../../../../arm-none-eabi/lib/thumb/v7e-m+dp/hard\libc.a(libc_a-mallocr.o)
                0x24020014                __malloc_trim_threshold
 .data.__malloc_av_
                0x24020018      0x408 C:/ST/STM32CubeCLT_1.19.0/GNU-tools-for-STM32/bin/../lib/gcc/arm-none-eabi/13.3.1/../../../../arm-none-eabi/lib/thumb/v7e-m+dp/hard\libc.a(libc_a-mallocr.o)
                0x24020018                __malloc_av_
 .data.__sglue  0x24020420        0xc C:/ST/STM32CubeCLT_1.19.0/GNU-tools-for-STM32/bin/../lib/gcc/arm-none-eabi/13.3.1/../../../../arm-none-eabi/lib/thumb/v7e-m+dp/hard\libc.a(libc_a-findfp.o)
                0x24020420                __sglue
 .data._impure_ptr
                0x2402042c        0x4 C:/ST/STM32CubeCLT_1.19.0/GNU-tools-for-STM32/bin/../lib/gcc/arm-none-eabi/13.3.1/../../../../arm-none-eabi/lib/thumb/v7e-m+dp/hard\libc.a(libc_a-impure.o)
                0x2402042c                _impure_ptr
 .data._impure_data
                0x24020430      0x140 C:/ST/STM32CubeCLT_1.19.0/GNU-tools-for-STM32/bin/../lib/gcc/arm-none-eabi/13.3.1/../../../../arm-none-eabi/lib/thumb/v7e-m+dp/hard\libc.a(libc_a-impure.o)
                0x24020430                _impure_data
 .data.__atexit_recursive_mutex
                0x24020570        0x4 C:/ST/STM32CubeCLT_1.19.0/GNU-tools-for-STM32/bin/../lib/gcc/arm-none-eabi/13.3.1/../../../../arm-none-eabi/lib/thumb/v7e-m+dp/hard\libc.a(libc_a-__call_atexit.o)
                0x24020570                __atexit_recursive_mutex
 .data.__global_locale
                0x24020574      0x16c C:/ST/STM32CubeCLT_1.19.0/GNU-tools-for-STM32/bin/../lib/gcc/arm-none-eabi/13.3.1/../../../../arm-none-eabi/lib/thumb/v7e-m+dp/hard\libc.a(libc_a-locale.o)
                0x24020574                __global_locale
 *(.RamFunc)
 *(.RamFunc*)
                0x240206e0                        . = ALIGN (0x4)
                0x240206e0                        _edata = .

.igot.plt       0x240206e0        0x0 load address 0x08014d9c
 .igot.plt      0x240206e0        0x0 C:/ST/STM32CubeCLT_1.19.0/GNU-tools-for-STM32/bin/../lib/gcc/arm-none-eabi/13.3.1/thumb/v7e-m+dp/hard/crtbegin.o
                0x240206e0                        . = ALIGN (0x4)

.bss            0x240206e0      0xe3c load address 0x08014d9c
                0x240206e0                        _sbss = .
                0x240206e0                        __bss_start__ = _sbss
 *(.bss)
 .bss           0x240206e0       0x1c C:/ST/STM32CubeCLT_1.19.0/GNU-tools-for-STM32/bin/../lib/gcc/arm-none-eabi/13.3.1/thumb/v7e-m+dp/hard/crtbegin.o
 *(.bss*)
 .bss.hadc1     0x240206fc       0x64 ./Core/Src/main.o
                0x240206fc                hadc1
 .bss.hadc2     0x24020760       0x64 ./Core/Src/main.o
                0x24020760                hadc2
 .bss.hadc3     0x240207c4       0x64 ./Core/Src/main.o
                0x240207c4                hadc3
 .bss.hdma_adc1
                0x24020828       0x78 ./Core/Src/main.o
                0x24020828                hdma_adc1
 .bss.hdma_adc2
                0x240208a0       0x78 ./Core/Src/main.o
                0x240208a0                hdma_adc2
 .bss.hdma_adc3
                0x24020918       0x78 ./Core/Src/main.o
                0x24020918                hdma_adc3
 .bss.hfdcan1   0x24020990       0xa0 ./Core/Src/main.o
                0x24020990                hfdcan1
 .bss.hspi1     0x24020a30       0x88 ./Core/Src/main.o
                0x24020a30                hspi1
 .bss.hspi2     0x24020ab8       0x88 ./Core/Src/main.o
                0x24020ab8                hspi2
 .bss.hspi3     0x24020b40       0x88 ./Core/Src/main.o
                0x24020b40                hspi3
 .bss.hspi4     0x24020bc8       0x88 ./Core/Src/main.o
                0x24020bc8                hspi4
 .bss.hdma_spi1_rx
                0x24020c50       0x78 ./Core/Src/main.o
                0x24020c50                hdma_spi1_rx
 .bss.hdma_spi1_tx
                0x24020cc8       0x78 ./Core/Src/main.o
                0x24020cc8                hdma_spi1_tx
 .bss.hdma_spi4_rx
                0x24020d40       0x78 ./Core/Src/main.o
                0x24020d40                hdma_spi4_rx
 .bss.hdma_spi4_tx
                0x24020db8       0x78 ./Core/Src/main.o
                0x24020db8                hdma_spi4_tx
 .bss.htim1     0x24020e30       0x4c ./Core/Src/main.o
                0x24020e30                htim1
 .bss.htim2     0x24020e7c       0x4c ./Core/Src/main.o
                0x24020e7c                htim2
 .bss.htim3     0x24020ec8       0x4c ./Core/Src/main.o
                0x24020ec8                htim3
 .bss.htim4     0x24020f14       0x4c ./Core/Src/main.o
                0x24020f14                htim4
 .bss.htim5     0x24020f60       0x4c ./Core/Src/main.o
                0x24020f60                htim5
 .bss.htim6     0x24020fac       0x4c ./Core/Src/main.o
                0x24020fac                htim6
 .bss.htim7     0x24020ff8       0x4c ./Core/Src/main.o
                0x24020ff8                htim7
 .bss.htim8     0x24021044       0x4c ./Core/Src/main.o
                0x24021044                htim8
 .bss.htim15    0x24021090       0x4c ./Core/Src/main.o
                0x24021090                htim15
 .bss.huart1    0x240210dc       0x94 ./Core/Src/main.o
                0x240210dc                huart1
 .bss.huart2    0x24021170       0x94 ./Core/Src/main.o
                0x24021170                huart2
 .bss.HAL_RCC_ADC12_CLK_ENABLED
                0x24021204        0x4 ./Core/Src/stm32h7xx_hal_msp.o
 .bss.__sbrk_heap_end
                0x24021208        0x4 ./Core/Src/sysmem.o
 .bss.uwTick    0x2402120c        0x4 ./Drivers/STM32H7xx_HAL_Driver/Src/stm32h7xx_hal.o
                0x2402120c                uwTick
 .bss.__malloc_current_mallinfo
                0x24021210       0x28 C:/ST/STM32CubeCLT_1.19.0/GNU-tools-for-STM32/bin/../lib/gcc/arm-none-eabi/13.3.1/../../../../arm-none-eabi/lib/thumb/v7e-m+dp/hard\libc.a(libc_a-mallocr.o)
                0x24021210                __malloc_current_mallinfo
 .bss.__malloc_max_total_mem
                0x24021238        0x4 C:/ST/STM32CubeCLT_1.19.0/GNU-tools-for-STM32/bin/../lib/gcc/arm-none-eabi/13.3.1/../../../../arm-none-eabi/lib/thumb/v7e-m+dp/hard\libc.a(libc_a-mallocr.o)
                0x24021238                __malloc_max_total_mem
 .bss.__malloc_max_sbrked_mem
                0x2402123c        0x4 C:/ST/STM32CubeCLT_1.19.0/GNU-tools-for-STM32/bin/../lib/gcc/arm-none-eabi/13.3.1/../../../../arm-none-eabi/lib/thumb/v7e-m+dp/hard\libc.a(libc_a-mallocr.o)
                0x2402123c                __malloc_max_sbrked_mem
 .bss.__malloc_top_pad
                0x24021240        0x4 C:/ST/STM32CubeCLT_1.19.0/GNU-tools-for-STM32/bin/../lib/gcc/arm-none-eabi/13.3.1/../../../../arm-none-eabi/lib/thumb/v7e-m+dp/hard\libc.a(libc_a-mallocr.o)
                0x24021240                __malloc_top_pad
 .bss.__sf      0x24021244      0x138 C:/ST/STM32CubeCLT_1.19.0/GNU-tools-for-STM32/bin/../lib/gcc/arm-none-eabi/13.3.1/../../../../arm-none-eabi/lib/thumb/v7e-m+dp/hard\libc.a(libc_a-findfp.o)
                0x24021244                __sf
 .bss.__stdio_exit_handler
                0x2402137c        0x4 C:/ST/STM32CubeCLT_1.19.0/GNU-tools-for-STM32/bin/../lib/gcc/arm-none-eabi/13.3.1/../../../../arm-none-eabi/lib/thumb/v7e-m+dp/hard\libc.a(libc_a-findfp.o)
                0x2402137c                __stdio_exit_handler
 .bss.errno     0x24021380        0x4 C:/ST/STM32CubeCLT_1.19.0/GNU-tools-for-STM32/bin/../lib/gcc/arm-none-eabi/13.3.1/../../../../arm-none-eabi/lib/thumb/v7e-m+dp/hard\libc.a(libc_a-reent.o)
                0x24021380                errno
 .bss.__lock___malloc_recursive_mutex
                0x24021384        0x1 C:/ST/STM32CubeCLT_1.19.0/GNU-tools-for-STM32/bin/../lib/gcc/arm-none-eabi/13.3.1/../../../../arm-none-eabi/lib/thumb/v7e-m+dp/hard\libc.a(libc_a-lock.o)
                0x24021384                __lock___malloc_recursive_mutex
 .bss.__lock___atexit_recursive_mutex
                0x24021385        0x1 C:/ST/STM32CubeCLT_1.19.0/GNU-tools-for-STM32/bin/../lib/gcc/arm-none-eabi/13.3.1/../../../../arm-none-eabi/lib/thumb/v7e-m+dp/hard\libc.a(libc_a-lock.o)
                0x24021385                __lock___atexit_recursive_mutex
 .bss.__lock___sfp_recursive_mutex
                0x24021386        0x1 C:/ST/STM32CubeCLT_1.19.0/GNU-tools-for-STM32/bin/../lib/gcc/arm-none-eabi/13.3.1/../../../../arm-none-eabi/lib/thumb/v7e-m+dp/hard\libc.a(libc_a-lock.o)
                0x24021386                __lock___sfp_recursive_mutex
 *fill*         0x24021387        0x1 
 .bss.__atexit  0x24021388        0x4 C:/ST/STM32CubeCLT_1.19.0/GNU-tools-for-STM32/bin/../lib/gcc/arm-none-eabi/13.3.1/../../../../arm-none-eabi/lib/thumb/v7e-m+dp/hard\libc.a(libc_a-__call_atexit.o)
                0x24021388                __atexit
 .bss.__atexit0
                0x2402138c      0x190 C:/ST/STM32CubeCLT_1.19.0/GNU-tools-for-STM32/bin/../lib/gcc/arm-none-eabi/13.3.1/../../../../arm-none-eabi/lib/thumb/v7e-m+dp/hard\libc.a(libc_a-__atexit.o)
                0x2402138c                __atexit0
 *(COMMON)
                0x2402151c                        . = ALIGN (0x4)
                0x2402151c                        _ebss = .
                0x2402151c                        __bss_end__ = _ebss

._user_heap_stack
                0x2402151c      0x604 load address 0x08014d9c
                0x24021520                        . = ALIGN (0x8)
 *fill*         0x2402151c        0x4 
                [!provide]                        PROVIDE (end = .)
                0x24021520                        PROVIDE (_end = .)
                0x24021720                        . = (. + _Min_Heap_Size)
 *fill*         0x24021520      0x200 
                0x24021b20                        . = (. + _Min_Stack_Size)
 *fill*         0x24021720      0x400 
                0x24021b20                        . = ALIGN (0x8)

/DISCARD/
 libc.a(*)
 libm.a(*)
 libgcc.a(*)

.ARM.attributes
                0x00000000       0x2e
 *(.ARM.attributes)
 .ARM.attributes
                0x00000000       0x20 C:/ST/STM32CubeCLT_1.19.0/GNU-tools-for-STM32/bin/../lib/gcc/arm-none-eabi/13.3.1/thumb/v7e-m+dp/hard/crti.o
 .ARM.attributes
                0x00000020       0x32 C:/ST/STM32CubeCLT_1.19.0/GNU-tools-for-STM32/bin/../lib/gcc/arm-none-eabi/13.3.1/thumb/v7e-m+dp/hard/crtbegin.o
 .ARM.attributes
                0x00000052       0x32 ./Core/Src/ads8638.o
 .ARM.attributes
                0x00000084       0x32 ./Core/Src/ads8638_diag.o
 .ARM.attributes
                0x000000b6       0x32 ./Core/Src/main.o
 .ARM.attributes
                0x000000e8       0x32 ./Core/Src/stm32h7xx_hal_msp.o
 .ARM.attributes
                0x0000011a       0x32 ./Core/Src/stm32h7xx_it.o
 .ARM.attributes
                0x0000014c       0x32 ./Core/Src/syscalls.o
 .ARM.attributes
                0x0000017e       0x32 ./Core/Src/sysmem.o
 .ARM.attributes
                0x000001b0       0x32 ./Core/Src/system_stm32h7xx.o
 .ARM.attributes
                0x000001e2       0x32 ./Core/Src/user_def.o
 .ARM.attributes
                0x00000214       0x21 ./Core/Startup/startup_stm32h743vihx.o
 .ARM.attributes
                0x00000235       0x32 ./Drivers/STM32H7xx_HAL_Driver/Src/stm32h7xx_hal.o
 .ARM.attributes
                0x00000267       0x32 ./Drivers/STM32H7xx_HAL_Driver/Src/stm32h7xx_hal_adc.o
 .ARM.attributes
                0x00000299       0x32 ./Drivers/STM32H7xx_HAL_Driver/Src/stm32h7xx_hal_adc_ex.o
 .ARM.attributes
                0x000002cb       0x32 ./Drivers/STM32H7xx_HAL_Driver/Src/stm32h7xx_hal_cortex.o
 .ARM.attributes
                0x000002fd       0x32 ./Drivers/STM32H7xx_HAL_Driver/Src/stm32h7xx_hal_dma.o
 .ARM.attributes
                0x0000032f       0x32 ./Drivers/STM32H7xx_HAL_Driver/Src/stm32h7xx_hal_fdcan.o
 .ARM.attributes
                0x00000361       0x32 ./Drivers/STM32H7xx_HAL_Driver/Src/stm32h7xx_hal_gpio.o
 .ARM.attributes
                0x00000393       0x32 ./Drivers/STM32H7xx_HAL_Driver/Src/stm32h7xx_hal_pwr_ex.o
 .ARM.attributes
                0x000003c5       0x32 ./Drivers/STM32H7xx_HAL_Driver/Src/stm32h7xx_hal_rcc.o
 .ARM.attributes
                0x000003f7       0x32 ./Drivers/STM32H7xx_HAL_Driver/Src/stm32h7xx_hal_rcc_ex.o
 .ARM.attributes
                0x00000429       0x32 ./Drivers/STM32H7xx_HAL_Driver/Src/stm32h7xx_hal_spi.o
 .ARM.attributes
                0x0000045b       0x32 ./Drivers/STM32H7xx_HAL_Driver/Src/stm32h7xx_hal_tim.o
 .ARM.attributes
                0x0000048d       0x32 ./Drivers/STM32H7xx_HAL_Driver/Src/stm32h7xx_hal_tim_ex.o
 .ARM.attributes
                0x000004bf       0x32 ./Drivers/STM32H7xx_HAL_Driver/Src/stm32h7xx_hal_uart.o
 .ARM.attributes
                0x000004f1       0x32 ./Drivers/STM32H7xx_HAL_Driver/Src/stm32h7xx_hal_uart_ex.o
 .ARM.attributes
                0x00000523       0x32 C:/ST/STM32CubeCLT_1.19.0/GNU-tools-for-STM32/bin/../lib/gcc/arm-none-eabi/13.3.1/../../../../arm-none-eabi/lib/thumb/v7e-m+dp/hard\libc.a(libc_a-mallocr.o)
 .ARM.attributes
                0x00000555       0x32 C:/ST/STM32CubeCLT_1.19.0/GNU-tools-for-STM32/bin/../lib/gcc/arm-none-eabi/13.3.1/../../../../arm-none-eabi/lib/thumb/v7e-m+dp/hard\libc.a(libc_a-mlock.o)
 .ARM.attributes
                0x00000587       0x32 C:/ST/STM32CubeCLT_1.19.0/GNU-tools-for-STM32/bin/../lib/gcc/arm-none-eabi/13.3.1/../../../../arm-none-eabi/lib/thumb/v7e-m+dp/hard\libc.a(libc_a-ctype_.o)
 .ARM.attributes
                0x000005b9       0x32 C:/ST/STM32CubeCLT_1.19.0/GNU-tools-for-STM32/bin/../lib/gcc/arm-none-eabi/13.3.1/../../../../arm-none-eabi/lib/thumb/v7e-m+dp/hard\libc.a(libc_a-findfp.o)
 .ARM.attributes
                0x000005eb       0x32 C:/ST/STM32CubeCLT_1.19.0/GNU-tools-for-STM32/bin/../lib/gcc/arm-none-eabi/13.3.1/../../../../arm-none-eabi/lib/thumb/v7e-m+dp/hard\libc.a(libc_a-fwalk.o)
 .ARM.attributes
                0x0000061d       0x32 C:/ST/STM32CubeCLT_1.19.0/GNU-tools-for-STM32/bin/../lib/gcc/arm-none-eabi/13.3.1/../../../../arm-none-eabi/lib/thumb/v7e-m+dp/hard\libc.a(libc_a-printf.o)
 .ARM.attributes
                0x0000064f       0x32 C:/ST/STM32CubeCLT_1.19.0/GNU-tools-for-STM32/bin/../lib/gcc/arm-none-eabi/13.3.1/../../../../arm-none-eabi/lib/thumb/v7e-m+dp/hard\libc.a(libc_a-puts.o)
 .ARM.attributes
                0x00000681       0x32 C:/ST/STM32CubeCLT_1.19.0/GNU-tools-for-STM32/bin/../lib/gcc/arm-none-eabi/13.3.1/../../../../arm-none-eabi/lib/thumb/v7e-m+dp/hard\libc.a(libc_a-stdio.o)
 .ARM.attributes
                0x000006b3       0x32 C:/ST/STM32CubeCLT_1.19.0/GNU-tools-for-STM32/bin/../lib/gcc/arm-none-eabi/13.3.1/../../../../arm-none-eabi/lib/thumb/v7e-m+dp/hard\libc.a(libc_a-memset.o)
 .ARM.attributes
                0x000006e5       0x32 C:/ST/STM32CubeCLT_1.19.0/GNU-tools-for-STM32/bin/../lib/gcc/arm-none-eabi/13.3.1/../../../../arm-none-eabi/lib/thumb/v7e-m+dp/hard\libc.a(libc_a-closer.o)
 .ARM.attributes
                0x00000717       0x32 C:/ST/STM32CubeCLT_1.19.0/GNU-tools-for-STM32/bin/../lib/gcc/arm-none-eabi/13.3.1/../../../../arm-none-eabi/lib/thumb/v7e-m+dp/hard\libc.a(libc_a-reent.o)
 .ARM.attributes
                0x00000749       0x32 C:/ST/STM32CubeCLT_1.19.0/GNU-tools-for-STM32/bin/../lib/gcc/arm-none-eabi/13.3.1/../../../../arm-none-eabi/lib/thumb/v7e-m+dp/hard\libc.a(libc_a-impure.o)
 .ARM.attributes
                0x0000077b       0x32 C:/ST/STM32CubeCLT_1.19.0/GNU-tools-for-STM32/bin/../lib/gcc/arm-none-eabi/13.3.1/../../../../arm-none-eabi/lib/thumb/v7e-m+dp/hard\libc.a(libc_a-lseekr.o)
 .ARM.attributes
                0x000007ad       0x32 C:/ST/STM32CubeCLT_1.19.0/GNU-tools-for-STM32/bin/../lib/gcc/arm-none-eabi/13.3.1/../../../../arm-none-eabi/lib/thumb/v7e-m+dp/hard\libc.a(libc_a-readr.o)
 .ARM.attributes
                0x000007df       0x32 C:/ST/STM32CubeCLT_1.19.0/GNU-tools-for-STM32/bin/../lib/gcc/arm-none-eabi/13.3.1/../../../../arm-none-eabi/lib/thumb/v7e-m+dp/hard\libc.a(libc_a-sbrkr.o)
 .ARM.attributes
                0x00000811       0x32 C:/ST/STM32CubeCLT_1.19.0/GNU-tools-for-STM32/bin/../lib/gcc/arm-none-eabi/13.3.1/../../../../arm-none-eabi/lib/thumb/v7e-m+dp/hard\libc.a(libc_a-writer.o)
 .ARM.attributes
                0x00000843       0x32 C:/ST/STM32CubeCLT_1.19.0/GNU-tools-for-STM32/bin/../lib/gcc/arm-none-eabi/13.3.1/../../../../arm-none-eabi/lib/thumb/v7e-m+dp/hard\libc.a(libc_a-errno.o)
 .ARM.attributes
                0x00000875       0x32 C:/ST/STM32CubeCLT_1.19.0/GNU-tools-for-STM32/bin/../lib/gcc/arm-none-eabi/13.3.1/../../../../arm-none-eabi/lib/thumb/v7e-m+dp/hard\libc.a(libc_a-init.o)
 .ARM.attributes
                0x000008a7       0x32 C:/ST/STM32CubeCLT_1.19.0/GNU-tools-for-STM32/bin/../lib/gcc/arm-none-eabi/13.3.1/../../../../arm-none-eabi/lib/thumb/v7e-m+dp/hard\libc.a(libc_a-lock.o)
 .ARM.attributes
                0x000008d9       0x32 C:/ST/STM32CubeCLT_1.19.0/GNU-tools-for-STM32/bin/../lib/gcc/arm-none-eabi/13.3.1/../../../../arm-none-eabi/lib/thumb/v7e-m+dp/hard\libc.a(libc_a-sysconf.o)
 .ARM.attributes
                0x0000090b       0x32 C:/ST/STM32CubeCLT_1.19.0/GNU-tools-for-STM32/bin/../lib/gcc/arm-none-eabi/13.3.1/../../../../arm-none-eabi/lib/thumb/v7e-m+dp/hard\libc.a(libc_a-memcpy-stub.o)
 .ARM.attributes
                0x0000093d       0x17 C:/ST/STM32CubeCLT_1.19.0/GNU-tools-for-STM32/bin/../lib/gcc/arm-none-eabi/13.3.1/../../../../arm-none-eabi/lib/thumb/v7e-m+dp/hard\libc.a(libc_a-strlen.o)
 .ARM.attributes
                0x00000954       0x32 C:/ST/STM32CubeCLT_1.19.0/GNU-tools-for-STM32/bin/../lib/gcc/arm-none-eabi/13.3.1/../../../../arm-none-eabi/lib/thumb/v7e-m+dp/hard\libc.a(libc_a-__call_atexit.o)
 .ARM.attributes
                0x00000986       0x32 C:/ST/STM32CubeCLT_1.19.0/GNU-tools-for-STM32/bin/../lib/gcc/arm-none-eabi/13.3.1/../../../../arm-none-eabi/lib/thumb/v7e-m+dp/hard\libc.a(libc_a-atexit.o)
 .ARM.attributes
                0x000009b8       0x32 C:/ST/STM32CubeCLT_1.19.0/GNU-tools-for-STM32/bin/../lib/gcc/arm-none-eabi/13.3.1/../../../../arm-none-eabi/lib/thumb/v7e-m+dp/hard\libc.a(libc_a-freer.o)
 .ARM.attributes
                0x000009ea       0x32 C:/ST/STM32CubeCLT_1.19.0/GNU-tools-for-STM32/bin/../lib/gcc/arm-none-eabi/13.3.1/../../../../arm-none-eabi/lib/thumb/v7e-m+dp/hard\libc.a(libc_a-vfprintf.o)
 .ARM.attributes
                0x00000a1c       0x32 C:/ST/STM32CubeCLT_1.19.0/GNU-tools-for-STM32/bin/../lib/gcc/arm-none-eabi/13.3.1/../../../../arm-none-eabi/lib/thumb/v7e-m+dp/hard\libc.a(libc_a-sprint_r.o)
 .ARM.attributes