../Core/Src/main.c:117:5:main	24	static,ignoring_inline_asm
../Core/Src/main.c:197:6:SystemClock_Config	120	static
../Core/Src/main.c:255:6:PeriphCommonClock_Config	200	static
../Core/Src/main.c:283:13:MX_ADC1_Init	48	static
../Core/Src/main.c:379:13:MX_ADC2_Init	40	static
../Core/Src/main.c:466:13:MX_ADC3_Init	40	static
../Core/Src/main.c:553:13:MX_FDCAN1_Init	8	static
../Core/Src/main.c:606:13:MX_SPI1_Init	8	static
../Core/Src/main.c:654:13:MX_SPI2_Init	8	static
../Core/Src/main.c:702:13:MX_SPI3_Init	8	static
../Core/Src/main.c:750:13:MX_SPI4_Init	8	static
../Core/Src/main.c:798:13:MX_TIM1_Init	56	static
../Core/Src/main.c:849:13:MX_TIM2_Init	56	static
../Core/Src/main.c:898:13:MX_TIM3_Init	56	static
../Core/Src/main.c:947:13:MX_TIM4_Init	56	static
../Core/Src/main.c:996:13:MX_TIM5_Init	56	static
../Core/Src/main.c:1045:13:MX_TIM6_Init	24	static
../Core/Src/main.c:1083:13:MX_TIM7_Init	24	static
../Core/Src/main.c:1121:13:MX_TIM8_Init	56	static
../Core/Src/main.c:1172:13:MX_TIM15_Init	112	static
../Core/Src/main.c:1252:13:MX_USART1_UART_Init	8	static
../Core/Src/main.c:1300:13:MX_USART2_UART_Init	8	static
../Core/Src/main.c:1346:13:MX_BDMA_Init	16	static
../Core/Src/main.c:1362:13:MX_DMA_Init	16	static
../Core/Src/main.c:1395:13:MX_GPIO_Init	56	static
../Core/Src/main.c:1478:6:MPU_Config	24	static
../Core/Src/main.c:1540:6:Error_Handler	4	static,ignoring_inline_asm
