../Core/Src/user_com.c:102:9:atoh	24	static
../Core/Src/user_com.c:126:9:atod	24	static
../Core/Src/user_com.c:158:10:atoh_str	24	static
../Core/Src/user_com.c:170:10:atod_str	32	static
../Core/Src/user_com.c:184:6:is_float	24	static
../Core/Src/user_com.c:212:6:is_numeric	16	static
../Core/Src/user_com.c:226:6:UART_baudrate_set	16	static
../Core/Src/user_com.c:250:6:init_UART_COM	8	static
../Core/Src/user_com.c:278:6:init_USB_COM	8	static
../Core/Src/user_com.c:286:6:printf_UARTC	536	static
../Core/Src/user_com.c:323:6:printf_UARTC_485	536	static
../Core/Src/user_com.c:353:6:printf_ESP	540	static
../Core/Src/user_com.c:381:13:ESP_GetLine	32	static
../Core/Src/user_com.c:443:6:printf_DBUG	540	static
../Core/Src/user_com.c:471:13:DBUG_GetLine	24	static
../Core/Src/user_com.c:547:13:UART2_GetLine	32	static
../Core/Src/user_com.c:611:6:printf_USBC	1052	static
../Core/Src/user_com.c:635:13:USB_GetLine	24	static
